******************************************************************************
                  TI ARM Linker PC v18.1.2                     
******************************************************************************
>> Linked Sun Jul  1 21:45:24 2018

OUTPUT FILE NAME:   <http_client_demo.out>
ENTRY POINT SYMBOL: "_c_int00_noargs"  address: 2000fd09


MEMORY CONFIGURATION

         name            origin    length      used     unused   attr    fill
----------------------  --------  ---------  --------  --------  ----  --------
  SRAM_CODE             20004000   00012fff  0000ca44  000065bb  RW X
  SRAM_DATA             20017000   00019000  000031e8  00015e18  RW X


SEGMENT ALLOCATION MAP

run origin  load origin   length   init length attrs members
----------  ----------- ---------- ----------- ----- -------
20004000    20004000    0000ca48   0000ca48    r-x
  20004000    20004000    00000400   00000400    r-- .intvecs
  20004400    20004400    0000c06e   0000c06e    r-x .text
  20010470    20010470    00000576   00000576    r-- .const
  200109e8    200109e8    00000060   00000060    r-- .cinit
20017000    20017000    000029ec   00000000    rw-
  20017000    20017000    00002134   00000000    rw- .bss
  20019138    20019138    00000800   00000000    rw- .sysmem
  20019938    20019938    000000b4   00000000    rw- .data
2002f800    2002f800    00000800   00000000    rw-
  2002f800    2002f800    00000800   00000000    rw- .stack


SECTION ALLOCATION MAP

 output                                  attributes/
section   page    origin      length       input sections
--------  ----  ----------  ----------   ----------------
.intvecs   0    20004000    00000400     
                  20004000    00000400     startup_ccs.obj (.intvecs)

.init_array 
*          0    20004000    00000000     UNINITIALIZED

.text      0    20004400    0000c06e     
                  20004400    00002ad4     ff.obj (.text)
                  20006ed4    000010b8     main.obj (.text)
                  20007f8c    00000a4a     rtsv7M4_T_le_eabi.lib : _printfi.c.obj (.text:__TI_printfi)
                  200089d6    00000002     driverlib.a : interrupt.obj (.text:IntDefaultHandler)
                  200089d8    00000732     MFRC522.obj (.text)
                  2000910a    000005f0     json.a : jsmn.obj (.text)
                  200096fa    00000002     rtsv7M4_T_le_eabi.lib : _lock.c.obj (.text:_nop)
                  200096fc    00000590     simplelink.a : driver.obj (.text:_SlDrvMsgRead)
                  20009c8c    000004bc     diskio.obj (.text)
                  2000a148    00000398     gpio_if.obj (.text)
                  2000a4e0    00000284     i2c_if.obj (.text)
                  2000a764    00000280     uart_if.obj (.text)
                  2000a9e4    00000268     rtsv7M4_T_le_eabi.lib : _printfi.c.obj (.text:_pconv_a)
                  2000ac4c    0000024c     simplelink.a : driver.obj (.text:_SlDrvRxHdrRead)
                  2000ae98    000001d0                  : driver.obj (.text:_SlDrvReleasePoolObj)
                  2000b068    000001cc     rtsv7M4_T_le_eabi.lib : _printfi.c.obj (.text:_pconv_g)
                  2000b234    000001b6                           : fd_add_t2.asm.obj (.text)
                  2000b3ea    00000002                           : div0.asm.obj (.text)
                  2000b3ec    000001b4     simplelink.a : driver.obj (.text:_SlDrvDriverCBInit)
                  2000b5a0    0000019c                  : driver.obj (.text:_SlDrvMsgWrite)
                  2000b73c    00000190                  : driver.obj (.text:_SlDrvWaitForPoolObj)
                  2000b8cc    00000178     driverlib.a : prcm.obj (.text:PRCMCC3200MCUInit)
                  2000ba44    00000170     simplelink.a : driver.obj (.text:_SlFindAndSetActiveObj)
                  2000bbb4    00000148                  : cc_pal.obj (.text:spi_Open)
                  2000bcfc    00000144                  : driver.obj (.text:_SlDrvMsgReadCmdCtx)
                  2000be40    0000013c     rtsv7M4_T_le_eabi.lib : _printfi.c.obj (.text:_pconv_e)
                  2000bf7c    00000136                           : fd_div_t2.asm.obj (.text)
                  2000c0b2    00000002     --HOLE-- [fill = 0]
                  2000c0b4    00000130     simplelink.a : driver.obj (.text:_SlDrvDriverCBDeinit)
                  2000c1e4    00000130     pinmux.obj (.text)
                  2000c314    00000120     rtsv7M4_T_le_eabi.lib : _printfi.c.obj (.text:fcvt)
                  2000c434    00000114                           : memory.c.obj (.text:realloc)
                  2000c548    00000104     simplelink.a : netapp.obj (.text:_SlDrvNetAppEventHandler)
                  2000c64c    000000fc     rtsv7M4_T_le_eabi.lib : fd_mul_t2.asm.obj (.text)
                  2000c748    000000f0     simplelink.a : device.obj (.text:sl_Stop)
                  2000c838    000000f0                  : cc_pal.obj (.text:spi_Read)
                  2000c928    000000f0     driverlib.a : udma.obj (.text:uDMAChannelTransferSet)
                  2000ca18    000000ec     simplelink.a : device.obj (.text:sl_Start)
                  2000cb04    000000e8                  : driver.obj (.text:_SlAsyncEventGenericHandler)
                  2000cbec    000000e8                  : driver.obj (.text:_SlDrvMsgReadSpawnCtx)
                  2000ccd4    000000e4                  : netapp.obj (.text:sl_NetAppMDNSRegisterUnregisterService)
                  2000cdb8    000000dc                  : driver.obj (.text:_SlDrvClassifyRxMsg)
                  2000ce94    000000d8     rtsv7M4_T_le_eabi.lib : memory.c.obj (.text:free)
                  2000cf6c    000000d0     driverlib.a : spi.obj (.text:SPITransfer32)
                  2000d03c    000000d0     rtsv7M4_T_le_eabi.lib : s_scalbn.c.obj (.text:scalbn)
                  2000d10c    000000ce     driverlib.a : spi.obj (.text:SPITransfer16)
                  2000d1da    00000002     --HOLE-- [fill = 0]
                  2000d1dc    000000cc     simplelink.a : netapp.obj (.text:_sl_HandleAsync_DnsGetHostByService)
                  2000d2a8    000000cc                  : device.obj (.text:sl_DevGet)
                  2000d374    000000c4                  : driver.obj (.text:_SlRemoveFromList)
                  2000d438    000000c0                  : driver.obj (.text:_SlDrvCmdOp)
                  2000d4f8    000000b8     driverlib.a : spi.obj (.text:SPITransfer8)
                  2000d5b0    000000b1     rtsv7M4_T_le_eabi.lib : _printfi.c.obj (.text:_ltostr)
                  2000d661    00000003     --HOLE-- [fill = 0]
                  2000d664    000000b0     simplelink.a : nonos.obj (.text:_SlNonOsSemGet)
                  2000d714    000000a8     driverlib.a : interrupt.obj (.text:IntDisable)
                  2000d7bc    000000a8                 : interrupt.obj (.text:IntEnable)
                  2000d864    000000a4     simplelink.a : driver.obj (.text:_SlDriverHandleError)
                  2000d908    000000a0     driverlib.a : spi.obj (.text:SPIConfigSetExpClk)
                  2000d9a8    0000009c     rtsv7M4_T_le_eabi.lib : memcpy_t2.asm.obj (.text)
                  2000da44    0000009a     simplelink.a : device.obj (.text:_SlDrvDeviceEventHandler)
                  2000dade    00000002     --HOLE-- [fill = 0]
                  2000dae0    00000098                  : netcfg.obj (.text:sl_NetCfgSet)
                  2000db78    00000098                  : wlan.obj (.text:sl_WlanSet)
                  2000dc10    00000098                  : cc_pal.obj (.text:spi_Write)
                  2000dca8    00000096     rtsv7M4_T_le_eabi.lib : ull_div_t2.asm.obj (.text)
                  2000dd3e    00000002     --HOLE-- [fill = 0]
                  2000dd40    00000094     driverlib.a : prcm.obj (.text:PRCMPeripheralClockGet)
                  2000ddd4    00000090     simplelink.a : netapp.obj (.text:_sl_HandleAsync_DnsGetHostByName)
                  2000de64    00000090                  : netapp.obj (.text:_sl_HandleAsync_PingResponse)
                  2000def4    00000090                  : wlan.obj (.text:sl_WlanPolicySet)
                  2000df84    0000008c                  : cc_pal.obj (.text:SetupDMAReceive)
                  2000e010    0000008c                  : cc_pal.obj (.text:SetupDMASend)
                  2000e09c    0000008c                  : driver.obj (.text:_SlDrvIsTimeoutExpired)
                  2000e128    0000008c                  : device.obj (.text:_sl_HandleAsync_InitComplete)
                  2000e1b4    00000088     driverlib.a : pin.obj (.text:PinConfigSet)
                  2000e23c    00000088                 : spi.obj (.text:SPITransfer)
                  2000e2c4    00000086     rtsv7M4_T_le_eabi.lib : fd_cmp_t2.asm.obj (.text:__aeabi_cdcmple)
                  2000e34a    00000086                           : fd_cmp_t2.asm.obj (.text:__aeabi_cdrcmple)
                  2000e3d0    00000084     driverlib.a : i2c.obj (.text:I2CMasterInitExpClk)
                  2000e454    00000084     simplelink.a : wlan.obj (.text:sl_WlanRxFilterSet)
                  2000e4d8    00000082     driverlib.a : gpio.obj (.text:GPIOIntTypeSet)
                  2000e55a    00000002     --HOLE-- [fill = 0]
                  2000e55c    00000080     simplelink.a : socket.obj (.text:_sl_HandleAsync_Connect)
                  2000e5dc    00000080                  : cc_pal.obj (.text:spi_Read_CPU)
                  2000e65c    00000080                  : cc_pal.obj (.text:spi_Write_CPU)
                  2000e6dc    0000007c     driverlib.a : sdhost.obj (.text:SDHostInit)
                  2000e758    0000007a     rtsv7M4_T_le_eabi.lib : memset_t2.asm.obj (.text)
                  2000e7d2    00000002     --HOLE-- [fill = 0]
                  2000e7d4    00000078                           : memory.c.obj (.text:malloc)
                  2000e84c    00000078     simplelink.a : cc_pal.obj (.text:spi_Close)
                  2000e8c4    00000076     driverlib.a : uart.obj (.text:UARTConfigSetExpClk)
                  2000e93a    00000002     --HOLE-- [fill = 0]
                  2000e93c    00000074     simplelink.a : nonos.obj (.text:_SlNonOsMainLoopTask)
                  2000e9b0    0000006e     rtsv7M4_T_le_eabi.lib : _printfi.c.obj (.text:_mcpy)
                  2000ea1e    00000002     --HOLE-- [fill = 0]
                  2000ea20    0000006c     simplelink.a : driver.obj (.text:_SlDrvCmdSend)
                  2000ea8c    0000006c                  : netapp.obj (.text:_sl_NetAppSendTokenValue)
                  2000eaf8    00000068     rtsv7M4_T_le_eabi.lib : copy_decompress_lzss.c.obj (.text:decompress:lzss:__TI_decompress_lzss)
                  2000eb60    00000066     driverlib.a : sdhost.obj (.text:SDHostSetExpClk)
                  2000ebc6    00000002     --HOLE-- [fill = 0]
                  2000ebc8    00000064     simplelink.a : nonos.obj (.text:_SlNonOsSpawn)
                  2000ec2c    00000064                  : socket.obj (.text:_sl_HandleAsync_Accept)
                  2000ec90    00000064                  : netapp.obj (.text:sl_NetAppMDNSUnRegisterService)
                  2000ecf4    00000064     driverlib.a : udma.obj (.text:uDMAChannelAttributeDisable)
                  2000ed58    00000064                 : udma.obj (.text:uDMAChannelAttributeEnable)
                  2000edbc    00000060     simplelink.a : wlan.obj (.text:sl_WlanProfileDel)
                  2000ee1c    00000060                  : wlan.obj (.text:sl_WlanSetMode)
                  2000ee7c    0000005c     rtsv7M4_T_le_eabi.lib : s_frexp.c.obj (.text:frexp)
                  2000eed8    00000058     driverlib.a : interrupt.obj (.text:IntPendClear)
                  2000ef30    00000058                 : prcm.obj (.text:PRCMPeripheralReset)
                  2000ef88    00000056     rtsv7M4_T_le_eabi.lib : _printfi.c.obj (.text:_pconv_f)
                  2000efde    00000002     --HOLE-- [fill = 0]
                  2000efe0    00000054     driverlib.a : interrupt.obj (.text:IntPrioritySet)
                  2000f034    00000054     simplelink.a : driver.obj (.text:_SlDrvRxIrqHandler)
                  2000f088    00000054                  : socket.obj (.text:_sl_HandleAsync_Select)
                  2000f0dc    00000054     rtsv7M4_T_le_eabi.lib : ltoa.c.obj (.text:ltoa)
                  2000f130    00000052                           : _printfi.c.obj (.text:_ecpy)
                  2000f182    00000002     --HOLE-- [fill = 0]
                  2000f184    00000050     simplelink.a : device.obj (.text:_sl_HandleAsync_Stop)
                  2000f1d4    0000004c     driverlib.a : spi.obj (.text:SPIIntEnable)
                  2000f220    0000004c                 : spi.obj (.text:SPIIntNumberGet)
                  2000f26c    0000004c     simplelink.a : driver.obj (.text:_SlDrvProtectAsyncRespSetting)
                  2000f2b8    0000004c     rtsv7M4_T_le_eabi.lib : atoi.c.obj (.text:atoi)
                  2000f304    0000004c     driverlib.a : udma.obj (.text:uDMAChannelAssign)
                  2000f350    00000048                 : gpio.obj (.text:GPIOGetIntNumber)
                  2000f398    00000048                 : spi.obj (.text:SPIIntClear)
                  2000f3e0    00000048     simplelink.a : driver.obj (.text:_SlDrvBasicCmd)
                  2000f428    00000048     rtsv7M4_T_le_eabi.lib : fd_toi_t2.asm.obj (.text)
                  2000f470    00000044     driverlib.a : spi.obj (.text:SPIDmaMaskGet)
                  2000f4b4    00000044                 : timer.obj (.text:TimerConfigure)
                  2000f4f8    00000044     simplelink.a : driver.obj (.text:_SlDrvSyncObjWaitTimeout)
                  2000f53c    00000044     rtsv7M4_T_le_eabi.lib : autoinit.c.obj (.text:__TI_auto_init_nobinit_nopinit:__TI_auto_init_nobinit_nopinit)
                  2000f580    00000044     simplelink.a : cc_pal.obj (.text:cc_SetupTransfer)
                  2000f5c4    00000040     driverlib.a : pin.obj (.text:PinModeSet)
                  2000f604    00000040     rtsv7M4_T_le_eabi.lib : sprintf.c.obj (.text:sprintf)
                  2000f644    00000040                           : vsnprintf.c.obj (.text:vsnprintf)
                  2000f684    0000003e     simplelink.a : cc_pal.obj (.text:NwpRegisterInterruptHandler)
                  2000f6c2    0000003e     driverlib.a : sdhost.obj (.text:SDHostCmdSend)
                  2000f700    0000003e     rtsv7M4_T_le_eabi.lib : _printfi.c.obj (.text:_fcpy)
                  2000f73e    0000003c     simplelink.a : netapp.obj (.text:CopyPingResultsToReport)
                  2000f77a    00000002     --HOLE-- [fill = 0]
                  2000f77c    0000003c     driverlib.a : prcm.obj (.text:PRCMPeripheralClkEnable)
                  2000f7b8    0000003c                 : pin.obj (.text:PinDirModeSet)
                  2000f7f4    0000003c     rtsv7M4_T_le_eabi.lib : memory.c.obj (.text:minsert)
                  2000f830    0000003c     simplelink.a : cc_pal.obj (.text:simplelink_timerA2_start)
                  2000f86c    0000003c     driverlib.a : udma.obj (.text:uDMAChannelControlSet)
                  2000f8a8    00000038     simplelink.a : cc_pal.obj (.text:NwpPowerOff)
                  2000f8e0    00000038     rtsv7M4_T_le_eabi.lib : memory.c.obj (.text:minit)
                  2000f918    00000038     simplelink.a : wlan.obj (.text:sl_WlanDisconnect)
                  2000f950    00000036     driverlib.a : gpio.obj (.text:GPIODirModeSet)
                  2000f986    00000002     --HOLE-- [fill = 0]
                  2000f988    00000034                 : prcm.obj (.text:PRCMPeripheralStatusGet)
                  2000f9bc    00000034                 : sdhost.obj (.text:SDHostRespGet)
                  2000f9f0    00000034                 : spi.obj (.text:SPIFIFOLevelSet)
                  2000fa24    00000030                 : pin.obj (.text:PinTypeGPIO)
                  2000fa54    00000030                 : uart.obj (.text:UARTDisable)
                  2000fa84    00000030     rtsv7M4_T_le_eabi.lib : vsnprintf.c.obj (.text:_outs)
                  2000fab4    0000002e                           : i_tofd_t2.asm.obj (.text)
                  2000fae2    0000002c     driverlib.a : i2c.obj (.text:I2CMasterErr)
                  2000fb0e    00000002     --HOLE-- [fill = 0]
                  2000fb10    0000002c     simplelink.a : cc_pal.obj (.text:NwpPowerOn)
                  2000fb3c    0000002c     driverlib.a : prcm.obj (.text:PRCMSysResetCauseGet)
                  2000fb68    0000002c                 : sdhost.obj (.text:SDHostIntStatus)
                  2000fb94    0000002c     simplelink.a : driver.obj (.text:_SlDrvObjGlobalLockWaitForever)
                  2000fbc0    0000002c                  : driver.obj (.text:_SlDrvProtectionObjLockWaitForever)
                  2000fbec    0000002a     driverlib.a : timer.obj (.text:TimerLoadSet)
                  2000fc16    0000002a                 : timer.obj (.text:TimerPrescaleSet)
                  2000fc40    00000028                 : prcm.obj (.text:PRCMPeripheralClkDisable)
                  2000fc68    00000028                 : sdhost.obj (.text:SDHostBlockSizeSet)
                  2000fc90    00000028     simplelink.a : driver.obj (.text:_SlDrvGlobalObjUnLock)
                  2000fcb8    00000028                  : driver.obj (.text:_SlDrvProtectionObjUnLock)
                  2000fce0    00000028                  : driver.obj (.text:_SlDrvSyncObjWaitForever)
                  2000fd08    00000028     rtsv7M4_T_le_eabi.lib : boot_cortex_m.c.obj (.text:_c_int00_noargs:_c_int00_noargs)
                  2000fd30    00000028                           : memory.c.obj (.text:mremove)
                  2000fd58    00000026     driverlib.a : sdhost.obj (.text:SDHostBlockCountSet)
                  2000fd7e    00000002     --HOLE-- [fill = 0]
                  2000fd80    00000024     simplelink.a : cc_pal.obj (.text:DmaSpiSwIntHandler)
                  2000fda4    00000024     driverlib.a : interrupt.obj (.text:IntUnregister)
                  2000fdc8    00000024                 : sdhost.obj (.text:SDHostIntClear)
                  2000fdec    00000024                 : uart.obj (.text:UARTEnable)
                  2000fe10    00000024     rtsv7M4_T_le_eabi.lib : memmov.c.obj (.text:memmove)
                  2000fe34    00000022     driverlib.a : i2c.obj (.text:I2CMasterSlaveAddrSet)
                  2000fe56    00000022                 : sdhost.obj (.text:SDHostCmdReset)
                  2000fe78    00000022                 : spi.obj (.text:SPIReset)
                  2000fe9a    00000022                 : spi.obj (.text:SPIWordCountSet)
                  2000febc    00000020                 : gpio.obj (.text:GPIOPinWrite)
                  2000fedc    00000020                 : interrupt.obj (.text:IntRegister)
                  2000fefc    00000020     simplelink.a : cc_pal.obj (.text:NwpPrePowerOffTimout0)
                  2000ff1c    00000020     driverlib.a : sdhost.obj (.text:SDHostDataRead)
                  2000ff3c    00000020     simplelink.a : cc_pal.obj (.text:TimerGetCurrentTimestamp)
                  2000ff5c    00000020                  : driver.obj (.text:_SlDrvSyncObjSignal)
                  2000ff7c    0000001e     driverlib.a : gpio.obj (.text:GPIOIntRegister)
                  2000ff9a    0000001e                 : i2c.obj (.text:I2CMasterIntStatusEx)
                  2000ffb8    0000001e                 : sdhost.obj (.text:SDHostDataWrite)
                  2000ffd6    0000001e                 : timer.obj (.text:TimerEnable)
                  2000fff4    0000001e                 : uart.obj (.text:UARTCharPut)
                  20010012    0000001e     simplelink.a : cc_pal.obj (.text:cc_UDMAChannelSelect)
                  20010030    0000001c     driverlib.a : pin.obj (.text:PinTypeI2C)
                  2001004c    0000001c                 : timer.obj (.text:TimerValueGet)
                  20010068    0000001c                 : uart.obj (.text:UARTCharGetNonBlocking)
                  20010084    0000001c     simplelink.a : driver.obj (.text:_SlDrvStartMeasureTimeout)
                  200100a0    0000001c     rtsv7M4_T_le_eabi.lib : memccpy.c.obj (.text:memccpy)
                  200100bc    0000001c     driverlib.a : udma.obj (.text:uDMAChannelEnable)
                  200100d8    0000001a                 : gpio.obj (.text:GPIOIntEnable)
                  200100f2    0000001a                 : pin.obj (.text:PinTypeSDHost)
                  2001010c    0000001a                 : pin.obj (.text:PinTypeSPI)
                  20010126    0000001a                 : pin.obj (.text:PinTypeUART)
                  20010140    0000001a                 : spi.obj (.text:SPIDmaDisable)
                  2001015a    0000001a                 : spi.obj (.text:SPIDmaEnable)
                  20010174    0000001a                 : spi.obj (.text:SPIFIFODisable)
                  2001018e    0000001a                 : spi.obj (.text:SPIFIFOEnable)
                  200101a8    0000001a                 : spi.obj (.text:SPIIntUnregister)
                  200101c2    00000018                 : gpio.obj (.text:GPIOPinRead)
                  200101da    00000018                 : spi.obj (.text:SPICSDisable)
                  200101f2    00000018                 : spi.obj (.text:SPICSEnable)
                  2001020a    00000018                 : spi.obj (.text:SPIDisable)
                  20010222    00000018                 : spi.obj (.text:SPIEnable)
                  2001023a    00000018                 : uart.obj (.text:UARTCharsAvail)
                  20010252    00000018     simplelink.a : nonos.obj (.text:_SlNonOsSemSet)
                  2001026a    00000018     rtsv7M4_T_le_eabi.lib : vsnprintf.c.obj (.text:_outc)
                  20010282    00000018                           : sprintf.c.obj (.text:_outs)
                  2001029a    00000002     --HOLE-- [fill = 0]
                  2001029c    00000018     simplelink.a : device.obj (.text:_sl_GetStartResponseConvert)
                  200102b4    00000016     driverlib.a : i2c.obj (.text:I2CMasterDataPut)
                  200102ca    00000016                 : i2c.obj (.text:I2CMasterEnable)
                  200102e0    00000016                 : prcm.obj (.text:PRCMHIBRegRead)
                  200102f6    00000016                 : prcm.obj (.text:PRCMHIBRegWrite)
                  2001030c    00000016     simplelink.a : driver.obj (.text:_SlDrvMemZero)
                  20010322    00000016     rtsv7M4_T_le_eabi.lib : strchr.c.obj (.text:strchr)
                  20010338    00000014     driverlib.a : cpu.obj (.text:CPUcpsie)
                  2001034c    00000014                 : gpio.obj (.text:GPIOIntClear)
                  20010360    00000014                 : interrupt.obj (.text:IntVTableBaseSet)
                  20010374    00000014     rtsv7M4_T_le_eabi.lib : strlen.c.obj (.text:strlen)
                  20010388    00000012     driverlib.a : i2c.obj (.text:I2CMasterControl)
                  2001039a    00000012                 : i2c.obj (.text:I2CMasterIntClearEx)
                  200103ac    00000012                 : i2c.obj (.text:I2CMasterTimeoutSet)
                  200103be    00000012     rtsv7M4_T_le_eabi.lib : wcslen.c.obj (.text:wcslen)
                  200103d0    00000010     simplelink.a : driver.obj (.text:_SlDrvDispatchHttpServerEvents)
                  200103e0    0000000e     driverlib.a : i2c.obj (.text:I2CMasterDataGet)
                  200103ee    0000000e     simplelink.a : driver.obj (.text:_SlDrvResetCmdExt)
                  200103fc    0000000e     rtsv7M4_T_le_eabi.lib : copy_decompress_none.c.obj (.text:decompress:none:__TI_decompress_none)
                  2001040a    0000000e     startup_ccs.obj (.text)
                  20010418    0000000c     simplelink.a : cc_pal.obj (.text:NwpMaskInterrupt)
                  20010424    0000000c                  : cc_pal.obj (.text:NwpUnMaskInterrupt)
                  20010430    0000000c     rtsv7M4_T_le_eabi.lib : copy_zero_init.c.obj (.text:decompress:ZI:__TI_zero_init)
                  2001043c    0000000a     driverlib.a : interrupt.obj (.text:IntMasterEnable)
                  20010446    0000000a     rtsv7M4_T_le_eabi.lib : sprintf.c.obj (.text:_outc)
                  20010450    00000008                           : errno.c.obj (.text:__aeabi_errno_addr)
                  20010458    00000008                           : s_copysign.c.obj (.text:copysign)
                  20010460    00000006     driverlib.a : utils.obj (.text:UtilsDelay)
                  20010466    00000004     rtsv7M4_T_le_eabi.lib : pre_init.c.obj (.text:_system_pre_init)
                  2001046a    00000004                           : exit.c.obj (.text:abort:abort)

.const     0    20010470    00000576     
                  20010470    00000101     rtsv7M4_T_le_eabi.lib : ctype.c.obj (.const:.string:_ctypes_)
                  20010571    00000003     --HOLE-- [fill = 0]
                  20010574    00000100     driverlib.a : pin.obj (.const:g_ulPinToPadMap)
                  20010674    000000d4                 : interrupt.obj (.const:g_pulRegs)
                  20010748    000000a8                 : prcm.obj (.const:PRCM_PeriphRegsList)
                  200107f0    0000003c     simplelink.a : driver.obj (.const:OpcodeTranslateTable)
                  2001082c    00000038                  : driver.obj (.const:_SlActionLookupTable)
                  20010864    0000002c     main.obj (.const:$P$T1$2)
                  20010890    00000024     driverlib.a : spi.obj (.const:g_ppulSPIIntMap)
                  200108b4    00000022     main.obj (.const:.string:$P$T0$1)
                  200108d6    00000002     --HOLE-- [fill = 0]
                  200108d8    00000020     simplelink.a : driver.obj (.const:RxMsgClassLUT)
                  200108f8    00000018     driverlib.a : interrupt.obj (.const:g_pulDisRegs)
                  20010910    00000018                 : interrupt.obj (.const:g_pulEnRegs)
                  20010928    00000018                 : interrupt.obj (.const:g_pulUnpendRegs)
                  20010940    00000018                 : spi.obj (.const:g_ulSPIDmaMaskMap)
                  20010958    00000014     simplelink.a : driver.obj (.const:$P$T0$1)
                  2001096c    00000014                  : nonos.obj (.const:$P$T0$1)
                  20010980    00000014     main.obj (.const:$P$T2$3)
                  20010994    0000000c     main.obj (.const:.string:$P$T3$4)
                  200109a0    00000008     simplelink.a : device.obj (.const:StartResponseLUT)
                  200109a8    00000008                  : driver.obj (.const:g_H2NCnysPattern)
                  200109b0    00000008                  : driver.obj (.const:g_H2NSyncPattern)
                  200109b8    00000005     main.obj (.const:.string:$P$T4$5)
                  200109bd    00000001     --HOLE-- [fill = 0]
                  200109be    00000004     simplelink.a : device.obj (.const:_SlDeviceGetCmdCtrl)
                  200109c2    00000004                  : netapp.obj (.const:_SlNetAppSendTokenValueCmdCtrl)
                  200109c6    00000004                  : netcfg.obj (.const:_SlNetCfgSetCmdCtrl)
                  200109ca    00000004                  : wlan.obj (.const:_SlPolicySetCmdCtrl)
                  200109ce    00000004                  : wlan.obj (.const:_SlProfileDelCmdCtrl)
                  200109d2    00000004                  : netapp.obj (.const:_SlRegisterServiceCtrl)
                  200109d6    00000004                  : wlan.obj (.const:_SlRxFilterSetCmdCtrl)
                  200109da    00000004                  : device.obj (.const:_SlStopCmdCtrl)
                  200109de    00000004                  : wlan.obj (.const:_SlWlanCfgSetCmdCtrl)
                  200109e2    00000004                  : wlan.obj (.const:_SlWlanSetModeCmdCtrl)

.cinit     0    200109e8    00000060     
                  200109e8    00000037     (.cinit..data.load) [load image, compression = lzss]
                  20010a1f    00000001     --HOLE-- [fill = 0]
                  20010a20    0000000c     (__TI_handler_table)
                  20010a2c    00000004     --HOLE-- [fill = 0]
                  20010a30    00000008     (.cinit..bss.load) [load image, compression = zero_init]
                  20010a38    00000010     (__TI_cinit_table)

.bss       0    20017000    00002134     UNINITIALIZED
                  20017000    00001f40     (.common:pBuffer)
                  20018f40    00000168     simplelink.a : driver.obj (.bss:g_StatMem)
                  200190a8    00000050     (.common:g_ucDinDout)
                  200190f8    00000024     (.common:g_ucConnectionSSID)
                  2001911c    00000008     (.common:g_ucConnectionBSSID)
                  20019124    00000004     ff.obj (.bss:FatFs)
                  20019128    00000004     uart_if.obj (.bss)
                  2001912c    00000002     ff.obj (.bss)
                  2001912e    00000001     (.common:RxIrqCnt)
                  2001912f    00000001     (.common:g_bDeviceRestartIsRequired)
                  20019130    00000001     (.common:g_cDummy)
                  20019131    00000001     (.common:g_ucLED1Pin)
                  20019132    00000001     (.common:g_ucLED2Pin)
                  20019133    00000001     (.common:g_ucLED3Pin)

.sysmem    0    20019138    00000800     UNINITIALIZED
                  20019138    00000008     rtsv7M4_T_le_eabi.lib : memory.c.obj (.sysmem)
                  20019140    000007f8     --HOLE--

.data      0    20019938    000000b4     UNINITIALIZED
                  20019938    0000003c     simplelink.a : nonos.obj (.data:g__SlNonOsCB)
                  20019974    00000018     diskio.obj (.data:g_sDisk)
                  2001998c    00000014     gpio_if.obj (.data:ulReg)
                  200199a0    0000000d     simplelink.a : driver.obj (.data)
                  200199ad    00000003     --HOLE--
                  200199b0    0000000c     rtsv7M4_T_le_eabi.lib : memory.c.obj (.data:$O1$$)
                  200199bc    0000000c     gpio_if.obj (.data)
                  200199c8    0000000c     main.obj (.data)
                  200199d4    00000009     simplelink.a : cc_pal.obj (.data)
                  200199dd    00000003     --HOLE--
                  200199e0    00000008     rtsv7M4_T_le_eabi.lib : _lock.c.obj (.data:$O1$$)
                  200199e8    00000004                           : errno.c.obj (.data)

.stack     0    2002f800    00000800     UNINITIALIZED
                  2002f800    00000004     rtsv7M4_T_le_eabi.lib : boot_cortex_m.c.obj (.stack)
                  2002f804    000007fc     --HOLE--

MODULE SUMMARY

       Module                       code    ro data   rw data
       ------                       ----    -------   -------
    .\
       main.obj                     4280    115       8056   
       ff.obj                       10964   0         6      
       MFRC522.obj                  1842    0         0      
       diskio.obj                   1212    0         24     
       startup_ccs.obj              14      1024      0      
       gpio_if.obj                  920     0         35     
       i2c_if.obj                   644     0         0      
       uart_if.obj                  640     0         4      
       pinmux.obj                   304     0         0      
    +--+----------------------------+-------+---------+---------+
       Total:                       20820   1139      8125   
                                                             
    C:/ti/CC3200SDK_1.3.0/cc3200-sdk/driverlib/ccs/Release/driverlib.a
       spi.obj                      1532    60        0      
       prcm.obj                     852     168       0      
       interrupt.obj                608     284       0      
       pin.obj                      414     256       0      
       udma.obj                     604     0         0      
       sdhost.obj                   594     0         0      
       gpio.obj                     388     0         0      
       i2c.obj                      352     0         0      
       uart.obj                     284     0         0      
       timer.obj                    210     0         0      
       cpu.obj                      20      0         0      
       utils.obj                    6       0         0      
    +--+----------------------------+-------+---------+---------+
       Total:                       5864    768       0      
                                                             
    C:/ti/CC3200SDK_1.3.0/cc3200-sdk/netapps/json/ccs/Release/json.a
       jsmn.obj                     1520    0         0      
    +--+----------------------------+-------+---------+---------+
       Total:                       1520    0         0      
                                                             
    C:/ti/CC3200SDK_1.3.0/cc3200-sdk/simplelink/ccs/NON_OS/simplelink.a
       driver.obj                   6824    184       375    
       cc_pal.obj                   1820    0         90     
       netapp.obj                   1248    8         0      
       device.obj                   1078    16        0      
       wlan.obj                     676     20        0      
       nonos.obj                    416     20        60     
       socket.obj                   312     0         0      
       netcfg.obj                   152     4         0      
    +--+----------------------------+-------+---------+---------+
       Total:                       12526   252       525    
                                                             
    C:\ti\ccs800\ccsv8\tools\compiler\ti-cgt-arm_18.1.2.LTS\lib\rtsv7M4_T_le_eabi.lib
       _printfi.c.obj               4831    0         0      
       memory.c.obj                 768     0         12     
       fd_add_t2.asm.obj            438     0         0      
       fd_div_t2.asm.obj            310     0         0      
       fd_cmp_t2.asm.obj            268     0         0      
       ctype.c.obj                  0       257       0      
       fd_mul_t2.asm.obj            252     0         0      
       s_scalbn.c.obj               208     0         0      
       memcpy_t2.asm.obj            156     0         0      
       ull_div_t2.asm.obj           150     0         0      
       vsnprintf.c.obj              136     0         0      
       memset_t2.asm.obj            122     0         0      
       copy_decompress_lzss.c.obj   104     0         0      
       sprintf.c.obj                98      0         0      
       s_frexp.c.obj                92      0         0      
       ltoa.c.obj                   84      0         0      
       atoi.c.obj                   76      0         0      
       fd_toi_t2.asm.obj            72      0         0      
       autoinit.c.obj               68      0         0      
       i_tofd_t2.asm.obj            46      0         0      
       boot_cortex_m.c.obj          40      0         0      
       memmov.c.obj                 36      0         0      
       memccpy.c.obj                28      0         0      
       strchr.c.obj                 22      0         0      
       strlen.c.obj                 20      0         0      
       wcslen.c.obj                 18      0         0      
       copy_decompress_none.c.obj   14      0         0      
       copy_zero_init.c.obj         12      0         0      
       errno.c.obj                  8       0         4      
       _lock.c.obj                  2       0         8      
       s_copysign.c.obj             8       0         0      
       exit.c.obj                   4       0         0      
       pre_init.c.obj               4       0         0      
       div0.asm.obj                 2       0         0      
    +--+----------------------------+-------+---------+---------+
       Total:                       8497    257       24     
                                                             
       Heap:                        0       0         2048   
       Stack:                       0       0         2048   
       Linker Generated:            0       91        0      
    +--+----------------------------+-------+---------+---------+
       Grand Total:                 49227   2507      12770  


LINKER GENERATED COPY TABLES

__TI_cinit_table @ 20010a38 records: 2, size/record: 8, table size: 16
	.data: load addr=200109e8, load size=00000037 bytes, run addr=20019938, run size=000000b4 bytes, compression=lzss
	.bss: load addr=20010a30, load size=00000008 bytes, run addr=20017000, run size=00002134 bytes, compression=zero_init


LINKER GENERATED HANDLER TABLE

__TI_handler_table @ 20010a20 records: 3, size/record: 4, table size: 12
	index: 0, handler: __TI_decompress_lzss
	index: 1, handler: __TI_decompress_none
	index: 2, handler: __TI_zero_init


GLOBAL SYMBOLS: SORTED ALPHABETICALLY BY Name 

address   name                                  
-------   ----                                  
20008af9  AntennaOff                            
20008ad9  AntennaOn                             
20008d51  Anticoll                              
20008ef3  Auth                                  
2001046b  C$$EXIT                               
20010339  CPUcpsie                              
20008ddd  CalulateCRC                           
20008aaf  ClearBitMask                          
2000a7a5  ClearTerm                             
2000fd81  DmaSpiSwIntHandler                    
2000a7af  Error                                 
2000f951  GPIODirModeSet                        
2001034d  GPIOIntClear                          
200100d9  GPIOIntEnable                         
2000ff7d  GPIOIntRegister                       
2000e4d9  GPIOIntTypeSet                        
200101c3  GPIOPinRead                           
2000febd  GPIOPinWrite                          
2000a409  GPIO_IF_ConfigureNIntEnable           
2000a495  GPIO_IF_Get                           
2000a3c3  GPIO_IF_GetPortNPin                   
2000a185  GPIO_IF_LedConfigure                  
2000a277  GPIO_IF_LedOff                        
2000a1c3  GPIO_IF_LedOn                         
2000a32b  GPIO_IF_LedStatus                     
2000a395  GPIO_IF_LedToggle                     
2000a451  GPIO_IF_Set                           
2000a7e7  GetCmd                                
200090d5  Halt                                  
20010389  I2CMasterControl                      
200103e1  I2CMasterDataGet                      
200102b5  I2CMasterDataPut                      
200102cb  I2CMasterEnable                       
2000fae3  I2CMasterErr                          
2000e3d1  I2CMasterInitExpClk                   
2001039b  I2CMasterIntClearEx                   
2000ff9b  I2CMasterIntStatusEx                  
2000fe35  I2CMasterSlaveAddrSet                 
200103ad  I2CMasterTimeoutSet                   
2000a74f  I2C_IF_Close                          
2000a707  I2C_IF_Open                           
2000a605  I2C_IF_Read                           
2000a6c1  I2C_IF_ReadFrom                       
2000a555  I2C_IF_Write                          
2000a765  InitTerm                              
20008b11  Init_MFRC522                          
2000d715  IntDisable                            
2000d7bd  IntEnable                             
2001043d  IntMasterEnable                       
2000eed9  IntPendClear                          
2000efe1  IntPrioritySet                        
2000fedd  IntRegister                           
2000fda5  IntUnregister                         
20010361  IntVTableBaseSet                      
2000a783  Message                               
20010419  NwpMaskInterrupt                      
2000f8a9  NwpPowerOff                           
2000fb11  NwpPowerOn                            
2000fefd  NwpPrePowerOffTimout0                 
2000f685  NwpRegisterInterruptHandler           
20010425  NwpUnMaskInterrupt                    
200107f0  OpcodeTranslateTable                  
2000b8cd  PRCMCC3200MCUInit                     
200102e1  PRCMHIBRegRead                        
200102f7  PRCMHIBRegWrite                       
2000fc41  PRCMPeripheralClkDisable              
2000f77d  PRCMPeripheralClkEnable               
2000dd41  PRCMPeripheralClockGet                
2000ef31  PRCMPeripheralReset                   
2000f989  PRCMPeripheralStatusGet               
2000fb3d  PRCMSysResetCauseGet                  
2000778d  ParseJSONData                         
2000e1b5  PinConfigSet                          
2000f7b9  PinDirModeSet                         
2000f5c5  PinModeSet                            
2000c1e5  PinMuxConfig                          
2000fa25  PinTypeGPIO                           
20010031  PinTypeI2C                            
200100f3  PinTypeSDHost                         
2001010d  PinTypeSPI                            
20010127  PinTypeUART                           
20008fab  ReadBlock                             
20008a2d  ReadReg                               
2000a925  Report                                
20008b4d  Request                               
20008b05  Reset                                 
2001040b  ResetISR                              
2001912e  RxIrqCnt                              
2000fd59  SDHostBlockCountSet                   
2000fc69  SDHostBlockSizeSet                    
2000fe57  SDHostCmdReset                        
2000f6c3  SDHostCmdSend                         
2000ff1d  SDHostDataRead                        
2000ffb9  SDHostDataWrite                       
2000e6dd  SDHostInit                            
2000fdc9  SDHostIntClear                        
2000fb69  SDHostIntStatus                       
2000f9bd  SDHostRespGet                         
2000eb61  SDHostSetExpClk                       
200101db  SPICSDisable                          
200101f3  SPICSEnable                           
2000d909  SPIConfigSetExpClk                    
2001020b  SPIDisable                            
20010141  SPIDmaDisable                         
2001015b  SPIDmaEnable                          
20010223  SPIEnable                             
20010175  SPIFIFODisable                        
2001018f  SPIFIFOEnable                         
2000f9f1  SPIFIFOLevelSet                       
2000f399  SPIIntClear                           
2000f1d5  SPIIntEnable                          
200101a9  SPIIntUnregister                      
2000fe79  SPIReset                              
2000e23d  SPITransfer                           
2000fe9b  SPIWordCountSet                       
20007939  SPI_RFID                              
20008e69  SelectTag                             
20008a85  SetBitMask                            
20007111  SimpleLinkGeneralEventHandler         
20007101  SimpleLinkHttpServerCallback          
20007061  SimpleLinkNetAppEventHandler          
2000712d  SimpleLinkSockEventHandler            
20006f47  SimpleLinkWlanEventHandler            
2000f4b5  TimerConfigure                        
2000ffd7  TimerEnable                           
2000ff3d  TimerGetCurrentTimestamp              
2000fbed  TimerLoadSet                          
2000fc17  TimerPrescaleSet                      
2001004d  TimerValueGet                         
20008b9d  ToCard                                
2000a88d  TrimSpace                             
20010069  UARTCharGetNonBlocking                
2000fff5  UARTCharPut                           
2001023b  UARTCharsAvail                        
2000e8c5  UARTConfigSetExpClk                   
2000fa55  UARTDisable                           
2000fded  UARTEnable                            
20010461  UtilsDelay                            
20008fff  WriteBlock                            
200089d9  WriteReg                              
2001082c  _SlActionLookupTable                  
2000d865  _SlDriverHandleError                  
2000f3e1  _SlDrvBasicCmd                        
2000d439  _SlDrvCmdOp                           
2000ea21  _SlDrvCmdSend                         
2000da45  _SlDrvDeviceEventHandler              
200103d1  _SlDrvDispatchHttpServerEvents        
2000c0b5  _SlDrvDriverCBDeinit                  
2000b3ed  _SlDrvDriverCBInit                    
2000fc91  _SlDrvGlobalObjUnLock                 
2000e09d  _SlDrvIsTimeoutExpired                
2001030d  _SlDrvMemZero                         
2000cbed  _SlDrvMsgReadSpawnCtx                 
2000c549  _SlDrvNetAppEventHandler              
2000f26d  _SlDrvProtectAsyncRespSetting         
2000fbc1  _SlDrvProtectionObjLockWaitForever    
2000fcb9  _SlDrvProtectionObjUnLock             
2000ae99  _SlDrvReleasePoolObj                  
200103ef  _SlDrvResetCmdExt                     
2000f035  _SlDrvRxIrqHandler                    
20010085  _SlDrvStartMeasureTimeout             
2000ff5d  _SlDrvSyncObjSignal                   
2000fce1  _SlDrvSyncObjWaitForever              
2000f4f9  _SlDrvSyncObjWaitTimeout              
2000b73d  _SlDrvWaitForPoolObj                  
200109c2  _SlNetAppSendTokenValueCmdCtrl        
2000e93d  _SlNonOsMainLoopTask                  
2000d665  _SlNonOsSemGet                        
20010253  _SlNonOsSemSet                        
2000ebc9  _SlNonOsSpawn                         
20030000  __STACK_END                           
00000800  __STACK_SIZE                          
00000800  __SYSMEM_SIZE                         
20010a38  __TI_CINIT_Base                       
20010a48  __TI_CINIT_Limit                      
20010a20  __TI_Handler_Table_Base               
20010a2c  __TI_Handler_Table_Limit              
2000f53d  __TI_auto_init_nobinit_nopinit        
2000eaf9  __TI_decompress_lzss                  
200103fd  __TI_decompress_none                  
ffffffff  __TI_pprof_out_hndl                   
20007f8d  __TI_printfi                          
ffffffff  __TI_prof_data_size                   
ffffffff  __TI_prof_data_start                  
200109e8  __TI_static_base__                    
20010431  __TI_zero_init                        
2000e2c5  __aeabi_cdcmpeq                       
2000e2c5  __aeabi_cdcmple                       
2000e34b  __aeabi_cdrcmple                      
2000f429  __aeabi_d2iz                          
2000b23f  __aeabi_dadd                          
2000bf7d  __aeabi_ddiv                          
2000c64d  __aeabi_dmul                          
2000b235  __aeabi_dsub                          
20010451  __aeabi_errno_addr                    
2000fab5  __aeabi_i2d                           
2000b3eb  __aeabi_idiv0                         
2000b3eb  __aeabi_ldiv0                         
2000e759  __aeabi_memclr                        
2000e759  __aeabi_memclr4                       
2000e759  __aeabi_memclr8                       
2000d9a9  __aeabi_memcpy                        
2000d9a9  __aeabi_memcpy4                       
2000d9a9  __aeabi_memcpy8                       
2000e75b  __aeabi_memset                        
2000e75b  __aeabi_memset4                       
2000e75b  __aeabi_memset8                       
2000dca9  __aeabi_uldivmod                      
ffffffff  __binit__                             
ffffffff  __c_args__                            
UNDEFED   __mpu_init                            
2002f800  __stack                               
2000fd09  _c_int00_noargs                       
20010470  _ctypes_                              
200199e0  _lock                                 
200096fb  _nop                                  
2000ec2d  _sl_HandleAsync_Accept                
2000e55d  _sl_HandleAsync_Connect               
2000ddd5  _sl_HandleAsync_DnsGetHostByName      
2000d1dd  _sl_HandleAsync_DnsGetHostByService   
2000e129  _sl_HandleAsync_InitComplete          
2000de65  _sl_HandleAsync_PingResponse          
2000f089  _sl_HandleAsync_Select                
2000f185  _sl_HandleAsync_Stop                  
2000ea8d  _sl_NetAppSendTokenValue              
20019138  _sys_memory                           
UNDEFED   _system_post_cinit                    
20010467  _system_pre_init                      
200199e4  _unlock                               
2001046b  abort                                 
2000f2b9  atoi                                  
ffffffff  binit                                 
200199d0  bytesReceived                         
200046b9  clust2sect                            
20010459  copysign                              
20010459  copysignl                             
20009d8b  disk_initialize                       
2000a0d5  disk_ioctl                            
20009ed9  disk_read                             
20009ebb  disk_status                           
20009fbd  disk_write                            
200199e8  errno                                 
20006c71  f_chmod                               
200062f9  f_close                               
20006603  f_closedir                            
20006701  f_getfree                             
20006329  f_lseek                               
20006a8b  f_mkdir                               
20005a97  f_mount                               
20005b15  f_open                                
2000655b  f_opendir                             
20005d31  f_read                                
20006623  f_readdir                             
20006d01  f_rename                              
200066ad  f_stat                                
200061fd  f_sync                                
2000685f  f_truncate                            
20006987  f_unlink                              
20006e51  f_utime                               
20005f6b  f_write                               
2000ce95  free                                  
2000ee7d  frexp                                 
2000ee7d  frexpl                                
200199a0  g_SlDeviceStatus                      
200199d4  g_SpiFd                               
20019938  g__SlNonOsCB                          
2001912f  g_bDeviceRestartIsRequired            
20019130  g_cDummy                              
200199a4  g_pCB                                 
200199d8  g_pHostIntHdl                         
20004000  g_pfnVectors                          
2001911c  g_ucConnectionBSSID                   
200190f8  g_ucConnectionSSID                    
200199dc  g_ucDMAEnabled                        
200190a8  g_ucDinDout                           
20019131  g_ucLED1Pin                           
20019132  g_ucLED2Pin                           
20019133  g_ucLED3Pin                           
200199bc  g_uiLED1Port                          
200199c0  g_uiLED2Port                          
200199c4  g_uiLED3Port                          
200199cc  g_ulGatewayIP                         
200199c8  g_ulStatus                            
200046e9  get_fat                               
2000a119  get_fattime                           
200096dd  jsmn_init                             
200093cb  jsmn_parse                            
2000d03d  ldexp                                 
2000d03d  ldexpl                                
2000f0dd  ltoa                                  
20007d29  main                                  
2000e7d5  malloc                                
200100a1  memccpy                               
2000d9a9  memcpy                                
2000fe11  memmove                               
2000e761  memset                                
2000f8e1  minit                                 
20017000  pBuffer                               
200199a8  pPingCallBackFunc                     
20004823  put_fat                               
20007be5  readfile                              
2000c435  realloc                               
2000d03d  scalbn                                
2000d03d  scalbnl                               
200079c7  sdcardfats_config                     
2000f831  simplelink_timerA2_start              
2000d2a9  sl_DevGet                             
2000ccd5  sl_NetAppMDNSRegisterUnregisterService
2000ec91  sl_NetAppMDNSUnRegisterService        
2000dae1  sl_NetCfgSet                          
2000ca19  sl_Start                              
2000c749  sl_Stop                               
2000f919  sl_WlanDisconnect                     
2000def5  sl_WlanPolicySet                      
2000edbd  sl_WlanProfileDel                     
2000e455  sl_WlanRxFilterSet                    
2000db79  sl_WlanSet                            
2000ee1d  sl_WlanSetMode                        
2000e84d  spi_Close                             
2000bbb5  spi_Open                              
2000c839  spi_Read                              
2000dc11  spi_Write                             
2000f605  sprintf                               
2000797d  stohex                                
20010323  strchr                                
20010375  strlen                                
2000f305  uDMAChannelAssign                     
2000ecf5  uDMAChannelAttributeDisable           
2000ed59  uDMAChannelAttributeEnable            
2000f86d  uDMAChannelControlSet                 
200100bd  uDMAChannelEnable                     
2000c929  uDMAChannelTransferSet                
2000f645  vsnprintf                             
200103bf  wcslen                                


GLOBAL SYMBOLS: SORTED BY Symbol Address 

address   name                                  
-------   ----                                  
00000800  __STACK_SIZE                          
00000800  __SYSMEM_SIZE                         
20004000  g_pfnVectors                          
200046b9  clust2sect                            
200046e9  get_fat                               
20004823  put_fat                               
20005a97  f_mount                               
20005b15  f_open                                
20005d31  f_read                                
20005f6b  f_write                               
200061fd  f_sync                                
200062f9  f_close                               
20006329  f_lseek                               
2000655b  f_opendir                             
20006603  f_closedir                            
20006623  f_readdir                             
200066ad  f_stat                                
20006701  f_getfree                             
2000685f  f_truncate                            
20006987  f_unlink                              
20006a8b  f_mkdir                               
20006c71  f_chmod                               
20006d01  f_rename                              
20006e51  f_utime                               
20006f47  SimpleLinkWlanEventHandler            
20007061  SimpleLinkNetAppEventHandler          
20007101  SimpleLinkHttpServerCallback          
20007111  SimpleLinkGeneralEventHandler         
2000712d  SimpleLinkSockEventHandler            
2000778d  ParseJSONData                         
20007939  SPI_RFID                              
2000797d  stohex                                
200079c7  sdcardfats_config                     
20007be5  readfile                              
20007d29  main                                  
20007f8d  __TI_printfi                          
200089d9  WriteReg                              
20008a2d  ReadReg                               
20008a85  SetBitMask                            
20008aaf  ClearBitMask                          
20008ad9  AntennaOn                             
20008af9  AntennaOff                            
20008b05  Reset                                 
20008b11  Init_MFRC522                          
20008b4d  Request                               
20008b9d  ToCard                                
20008d51  Anticoll                              
20008ddd  CalulateCRC                           
20008e69  SelectTag                             
20008ef3  Auth                                  
20008fab  ReadBlock                             
20008fff  WriteBlock                            
200090d5  Halt                                  
200093cb  jsmn_parse                            
200096dd  jsmn_init                             
200096fb  _nop                                  
20009d8b  disk_initialize                       
20009ebb  disk_status                           
20009ed9  disk_read                             
20009fbd  disk_write                            
2000a0d5  disk_ioctl                            
2000a119  get_fattime                           
2000a185  GPIO_IF_LedConfigure                  
2000a1c3  GPIO_IF_LedOn                         
2000a277  GPIO_IF_LedOff                        
2000a32b  GPIO_IF_LedStatus                     
2000a395  GPIO_IF_LedToggle                     
2000a3c3  GPIO_IF_GetPortNPin                   
2000a409  GPIO_IF_ConfigureNIntEnable           
2000a451  GPIO_IF_Set                           
2000a495  GPIO_IF_Get                           
2000a555  I2C_IF_Write                          
2000a605  I2C_IF_Read                           
2000a6c1  I2C_IF_ReadFrom                       
2000a707  I2C_IF_Open                           
2000a74f  I2C_IF_Close                          
2000a765  InitTerm                              
2000a783  Message                               
2000a7a5  ClearTerm                             
2000a7af  Error                                 
2000a7e7  GetCmd                                
2000a88d  TrimSpace                             
2000a925  Report                                
2000ae99  _SlDrvReleasePoolObj                  
2000b235  __aeabi_dsub                          
2000b23f  __aeabi_dadd                          
2000b3eb  __aeabi_idiv0                         
2000b3eb  __aeabi_ldiv0                         
2000b3ed  _SlDrvDriverCBInit                    
2000b73d  _SlDrvWaitForPoolObj                  
2000b8cd  PRCMCC3200MCUInit                     
2000bbb5  spi_Open                              
2000bf7d  __aeabi_ddiv                          
2000c0b5  _SlDrvDriverCBDeinit                  
2000c1e5  PinMuxConfig                          
2000c435  realloc                               
2000c549  _SlDrvNetAppEventHandler              
2000c64d  __aeabi_dmul                          
2000c749  sl_Stop                               
2000c839  spi_Read                              
2000c929  uDMAChannelTransferSet                
2000ca19  sl_Start                              
2000cbed  _SlDrvMsgReadSpawnCtx                 
2000ccd5  sl_NetAppMDNSRegisterUnregisterService
2000ce95  free                                  
2000d03d  ldexp                                 
2000d03d  ldexpl                                
2000d03d  scalbn                                
2000d03d  scalbnl                               
2000d1dd  _sl_HandleAsync_DnsGetHostByService   
2000d2a9  sl_DevGet                             
2000d439  _SlDrvCmdOp                           
2000d665  _SlNonOsSemGet                        
2000d715  IntDisable                            
2000d7bd  IntEnable                             
2000d865  _SlDriverHandleError                  
2000d909  SPIConfigSetExpClk                    
2000d9a9  __aeabi_memcpy                        
2000d9a9  __aeabi_memcpy4                       
2000d9a9  __aeabi_memcpy8                       
2000d9a9  memcpy                                
2000da45  _SlDrvDeviceEventHandler              
2000dae1  sl_NetCfgSet                          
2000db79  sl_WlanSet                            
2000dc11  spi_Write                             
2000dca9  __aeabi_uldivmod                      
2000dd41  PRCMPeripheralClockGet                
2000ddd5  _sl_HandleAsync_DnsGetHostByName      
2000de65  _sl_HandleAsync_PingResponse          
2000def5  sl_WlanPolicySet                      
2000e09d  _SlDrvIsTimeoutExpired                
2000e129  _sl_HandleAsync_InitComplete          
2000e1b5  PinConfigSet                          
2000e23d  SPITransfer                           
2000e2c5  __aeabi_cdcmpeq                       
2000e2c5  __aeabi_cdcmple                       
2000e34b  __aeabi_cdrcmple                      
2000e3d1  I2CMasterInitExpClk                   
2000e455  sl_WlanRxFilterSet                    
2000e4d9  GPIOIntTypeSet                        
2000e55d  _sl_HandleAsync_Connect               
2000e6dd  SDHostInit                            
2000e759  __aeabi_memclr                        
2000e759  __aeabi_memclr4                       
2000e759  __aeabi_memclr8                       
2000e75b  __aeabi_memset                        
2000e75b  __aeabi_memset4                       
2000e75b  __aeabi_memset8                       
2000e761  memset                                
2000e7d5  malloc                                
2000e84d  spi_Close                             
2000e8c5  UARTConfigSetExpClk                   
2000e93d  _SlNonOsMainLoopTask                  
2000ea21  _SlDrvCmdSend                         
2000ea8d  _sl_NetAppSendTokenValue              
2000eaf9  __TI_decompress_lzss                  
2000eb61  SDHostSetExpClk                       
2000ebc9  _SlNonOsSpawn                         
2000ec2d  _sl_HandleAsync_Accept                
2000ec91  sl_NetAppMDNSUnRegisterService        
2000ecf5  uDMAChannelAttributeDisable           
2000ed59  uDMAChannelAttributeEnable            
2000edbd  sl_WlanProfileDel                     
2000ee1d  sl_WlanSetMode                        
2000ee7d  frexp                                 
2000ee7d  frexpl                                
2000eed9  IntPendClear                          
2000ef31  PRCMPeripheralReset                   
2000efe1  IntPrioritySet                        
2000f035  _SlDrvRxIrqHandler                    
2000f089  _sl_HandleAsync_Select                
2000f0dd  ltoa                                  
2000f185  _sl_HandleAsync_Stop                  
2000f1d5  SPIIntEnable                          
2000f26d  _SlDrvProtectAsyncRespSetting         
2000f2b9  atoi                                  
2000f305  uDMAChannelAssign                     
2000f399  SPIIntClear                           
2000f3e1  _SlDrvBasicCmd                        
2000f429  __aeabi_d2iz                          
2000f4b5  TimerConfigure                        
2000f4f9  _SlDrvSyncObjWaitTimeout              
2000f53d  __TI_auto_init_nobinit_nopinit        
2000f5c5  PinModeSet                            
2000f605  sprintf                               
2000f645  vsnprintf                             
2000f685  NwpRegisterInterruptHandler           
2000f6c3  SDHostCmdSend                         
2000f77d  PRCMPeripheralClkEnable               
2000f7b9  PinDirModeSet                         
2000f831  simplelink_timerA2_start              
2000f86d  uDMAChannelControlSet                 
2000f8a9  NwpPowerOff                           
2000f8e1  minit                                 
2000f919  sl_WlanDisconnect                     
2000f951  GPIODirModeSet                        
2000f989  PRCMPeripheralStatusGet               
2000f9bd  SDHostRespGet                         
2000f9f1  SPIFIFOLevelSet                       
2000fa25  PinTypeGPIO                           
2000fa55  UARTDisable                           
2000fab5  __aeabi_i2d                           
2000fae3  I2CMasterErr                          
2000fb11  NwpPowerOn                            
2000fb3d  PRCMSysResetCauseGet                  
2000fb69  SDHostIntStatus                       
2000fbc1  _SlDrvProtectionObjLockWaitForever    
2000fbed  TimerLoadSet                          
2000fc17  TimerPrescaleSet                      
2000fc41  PRCMPeripheralClkDisable              
2000fc69  SDHostBlockSizeSet                    
2000fc91  _SlDrvGlobalObjUnLock                 
2000fcb9  _SlDrvProtectionObjUnLock             
2000fce1  _SlDrvSyncObjWaitForever              
2000fd09  _c_int00_noargs                       
2000fd59  SDHostBlockCountSet                   
2000fd81  DmaSpiSwIntHandler                    
2000fda5  IntUnregister                         
2000fdc9  SDHostIntClear                        
2000fded  UARTEnable                            
2000fe11  memmove                               
2000fe35  I2CMasterSlaveAddrSet                 
2000fe57  SDHostCmdReset                        
2000fe79  SPIReset                              
2000fe9b  SPIWordCountSet                       
2000febd  GPIOPinWrite                          
2000fedd  IntRegister                           
2000fefd  NwpPrePowerOffTimout0                 
2000ff1d  SDHostDataRead                        
2000ff3d  TimerGetCurrentTimestamp              
2000ff5d  _SlDrvSyncObjSignal                   
2000ff7d  GPIOIntRegister                       
2000ff9b  I2CMasterIntStatusEx                  
2000ffb9  SDHostDataWrite                       
2000ffd7  TimerEnable                           
2000fff5  UARTCharPut                           
20010031  PinTypeI2C                            
2001004d  TimerValueGet                         
20010069  UARTCharGetNonBlocking                
20010085  _SlDrvStartMeasureTimeout             
200100a1  memccpy                               
200100bd  uDMAChannelEnable                     
200100d9  GPIOIntEnable                         
200100f3  PinTypeSDHost                         
2001010d  PinTypeSPI                            
20010127  PinTypeUART                           
20010141  SPIDmaDisable                         
2001015b  SPIDmaEnable                          
20010175  SPIFIFODisable                        
2001018f  SPIFIFOEnable                         
200101a9  SPIIntUnregister                      
200101c3  GPIOPinRead                           
200101db  SPICSDisable                          
200101f3  SPICSEnable                           
2001020b  SPIDisable                            
20010223  SPIEnable                             
2001023b  UARTCharsAvail                        
20010253  _SlNonOsSemSet                        
200102b5  I2CMasterDataPut                      
200102cb  I2CMasterEnable                       
200102e1  PRCMHIBRegRead                        
200102f7  PRCMHIBRegWrite                       
2001030d  _SlDrvMemZero                         
20010323  strchr                                
20010339  CPUcpsie                              
2001034d  GPIOIntClear                          
20010361  IntVTableBaseSet                      
20010375  strlen                                
20010389  I2CMasterControl                      
2001039b  I2CMasterIntClearEx                   
200103ad  I2CMasterTimeoutSet                   
200103bf  wcslen                                
200103d1  _SlDrvDispatchHttpServerEvents        
200103e1  I2CMasterDataGet                      
200103ef  _SlDrvResetCmdExt                     
200103fd  __TI_decompress_none                  
2001040b  ResetISR                              
20010419  NwpMaskInterrupt                      
20010425  NwpUnMaskInterrupt                    
20010431  __TI_zero_init                        
2001043d  IntMasterEnable                       
20010451  __aeabi_errno_addr                    
20010459  copysign                              
20010459  copysignl                             
20010461  UtilsDelay                            
20010467  _system_pre_init                      
2001046b  C$$EXIT                               
2001046b  abort                                 
20010470  _ctypes_                              
200107f0  OpcodeTranslateTable                  
2001082c  _SlActionLookupTable                  
200109c2  _SlNetAppSendTokenValueCmdCtrl        
200109e8  __TI_static_base__                    
20010a20  __TI_Handler_Table_Base               
20010a2c  __TI_Handler_Table_Limit              
20010a38  __TI_CINIT_Base                       
20010a48  __TI_CINIT_Limit                      
20017000  pBuffer                               
200190a8  g_ucDinDout                           
200190f8  g_ucConnectionSSID                    
2001911c  g_ucConnectionBSSID                   
2001912e  RxIrqCnt                              
2001912f  g_bDeviceRestartIsRequired            
20019130  g_cDummy                              
20019131  g_ucLED1Pin                           
20019132  g_ucLED2Pin                           
20019133  g_ucLED3Pin                           
20019138  _sys_memory                           
20019938  g__SlNonOsCB                          
200199a0  g_SlDeviceStatus                      
200199a4  g_pCB                                 
200199a8  pPingCallBackFunc                     
200199bc  g_uiLED1Port                          
200199c0  g_uiLED2Port                          
200199c4  g_uiLED3Port                          
200199c8  g_ulStatus                            
200199cc  g_ulGatewayIP                         
200199d0  bytesReceived                         
200199d4  g_SpiFd                               
200199d8  g_pHostIntHdl                         
200199dc  g_ucDMAEnabled                        
200199e0  _lock                                 
200199e4  _unlock                               
200199e8  errno                                 
2002f800  __stack                               
20030000  __STACK_END                           
ffffffff  __TI_pprof_out_hndl                   
ffffffff  __TI_prof_data_size                   
ffffffff  __TI_prof_data_start                  
ffffffff  __binit__                             
ffffffff  __c_args__                            
ffffffff  binit                                 
UNDEFED   __mpu_init                            
UNDEFED   _system_post_cinit                    

[334 symbols]
