******************************************************************************
                  TI ARM Linker PC v18.1.2                     
******************************************************************************
>> Linked Tue Jun 26 23:55:46 2018

OUTPUT FILE NAME:   <sdhost_fatfs.out>
ENTRY POINT SYMBOL: "_c_int00_noargs"  address: 2000a021


MEMORY CONFIGURATION

         name            origin    length      used     unused   attr    fill
----------------------  --------  ---------  --------  --------  ----  --------
  SRAM_CODE             20004000   00013000  000067d2  0000c82e  RW X
  SRAM_DATA             20017000   00019000  0000183e  000177c2  RW X


SEGMENT ALLOCATION MAP

run origin  load origin   length   init length attrs members
----------  ----------- ---------- ----------- ----- -------
20004000    20004000    000067d8   000067d8    r-x
  20004000    20004000    00000400   00000400    r-- .intvecs
  20004400    20004400    000060c6   000060c6    r-x .text
  2000a4c8    2000a4c8    000002c4   000002c4    r-- .const
  2000a790    2000a790    00000048   00000048    r-- .cinit
20017000    20017000    0000083e   00000000    rw-
  20017000    20017000    00000800   00000000    rw- .sysmem
  20017800    20017800    00000030   00000000    rw- .data
  20017830    20017830    0000000e   00000000    rw- .bss
2002f000    2002f000    00001000   00000000    rw-
  2002f000    2002f000    00001000   00000000    rw- .stack


SECTION ALLOCATION MAP

 output                                  attributes/
section   page    origin      length       input sections
--------  ----  ----------  ----------   ----------------
.intvecs   0    20004000    00000400     
                  20004000    00000400     startup_ccs.obj (.intvecs)

.init_array 
*          0    20004000    00000000     UNINITIALIZED

.text      0    20004400    000060c6     
                  20004400    00002ad6     fatfs.a : ff.obj (.text)
                  20006ed6    00000002     rtsv7M4_T_le_v4SPD16_eabi.lib : _lock.c.obj (.text:_nop)
                  20006ed8    00000a5e                                   : _printfi.c.obj (.text:__TI_printfi)
                  20007936    00000002                                   : div0.asm.obj (.text)
                  20007938    000004bc     diskio.obj (.text)
                  20007df4    00000440     main.obj (.text)
                  20008234    00000280     uart_if.obj (.text)
                  200084b4    00000270     rtsv7M4_T_le_v4SPD16_eabi.lib : _printfi.c.obj (.text:_pconv_a)
                  20008724    000001d0                                   : _printfi.c.obj (.text:_pconv_g)
                  200088f4    000001b6                                   : fd_add_t2.asm.obj (.text)
                  20008aaa    00000002     --HOLE-- [fill = 0]
                  20008aac    00000178     driverlib.a : prcm.obj (.text:PRCMCC3200MCUInit)
                  20008c24    0000013c     rtsv7M4_T_le_v4SPD16_eabi.lib : _printfi.c.obj (.text:_pconv_e)
                  20008d60    00000136                                   : fd_div_t2.asm.obj (.text)
                  20008e96    00000002     --HOLE-- [fill = 0]
                  20008e98    00000120                                   : _printfi.c.obj (.text:fcvt)
                  20008fb8    00000114                                   : memory.c.obj (.text:realloc)
                  200090cc    00000110                                   : s_scalbn.c.obj (.text:scalbn)
                  200091dc    000000fc                                   : fd_mul_t2.asm.obj (.text)
                  200092d8    000000d8                                   : memory.c.obj (.text:free)
                  200093b0    000000b1                                   : _printfi.c.obj (.text:_ltostr)
                  20009461    00000003     --HOLE-- [fill = 0]
                  20009464    000000a8     driverlib.a : interrupt.obj (.text:IntEnable)
                  2000950c    0000009c     rtsv7M4_T_le_v4SPD16_eabi.lib : memcpy_t2.asm.obj (.text)
                  200095a8    00000096                                   : ull_div_t2.asm.obj (.text)
                  2000963e    00000002     --HOLE-- [fill = 0]
                  20009640    00000094     driverlib.a : prcm.obj (.text:PRCMPeripheralClockGet)
                  200096d4    00000088                 : pin.obj (.text:PinConfigSet)
                  2000975c    00000086     rtsv7M4_T_le_v4SPD16_eabi.lib : fd_cmp_t2.asm.obj (.text:__aeabi_cdcmple)
                  200097e2    00000086                                   : fd_cmp_t2.asm.obj (.text:__aeabi_cdrcmple)
                  20009868    0000007c     driverlib.a : sdhost.obj (.text:SDHostInit)
                  200098e4    0000007a     rtsv7M4_T_le_v4SPD16_eabi.lib : memset_t2.asm.obj (.text)
                  2000995e    00000002     --HOLE-- [fill = 0]
                  20009960    00000078                                   : memory.c.obj (.text:malloc)
                  200099d8    00000076     driverlib.a : uart.obj (.text:UARTConfigSetExpClk)
                  20009a4e    0000006e     rtsv7M4_T_le_v4SPD16_eabi.lib : _printfi.c.obj (.text:_mcpy)
                  20009abc    00000068                                   : copy_decompress_lzss.c.obj (.text:decompress:lzss:__TI_decompress_lzss)
                  20009b24    00000066     driverlib.a : sdhost.obj (.text:SDHostSetExpClk)
                  20009b8a    00000002     --HOLE-- [fill = 0]
                  20009b8c    00000064     rtsv7M4_T_le_v4SPD16_eabi.lib : s_frexp.c.obj (.text:frexp)
                  20009bf0    00000058     driverlib.a : prcm.obj (.text:PRCMPeripheralReset)
                  20009c48    00000056     rtsv7M4_T_le_v4SPD16_eabi.lib : _printfi.c.obj (.text:_pconv_f)
                  20009c9e    00000054                                   : ltoa.c.obj (.text:ltoa)
                  20009cf2    00000054     pinmux.obj (.text)
                  20009d46    00000052     rtsv7M4_T_le_v4SPD16_eabi.lib : _printfi.c.obj (.text:_ecpy)
                  20009d98    0000004c                                   : atoi.c.obj (.text:atoi)
                  20009de4    00000048                                   : fd_toi_t2.asm.obj (.text)
                  20009e2c    00000044                                   : autoinit.c.obj (.text:__TI_auto_init_nobinit_nopinit:__TI_auto_init_nobinit_nopinit)
                  20009e70    00000040     driverlib.a : pin.obj (.text:PinModeSet)
                  20009eb0    00000040     rtsv7M4_T_le_v4SPD16_eabi.lib : vsnprintf.c.obj (.text:vsnprintf)
                  20009ef0    0000003e     driverlib.a : sdhost.obj (.text:SDHostCmdSend)
                  20009f2e    0000003e     rtsv7M4_T_le_v4SPD16_eabi.lib : _printfi.c.obj (.text:_fcpy)
                  20009f6c    0000003c     driverlib.a : prcm.obj (.text:PRCMPeripheralClkEnable)
                  20009fa8    0000003c                 : pin.obj (.text:PinDirModeSet)
                  20009fe4    0000003c     rtsv7M4_T_le_v4SPD16_eabi.lib : memory.c.obj (.text:minsert)
                  2000a020    00000038                                   : boot_cortex_m.c.obj (.text:_c_int00_noargs:_c_int00_noargs)
                  2000a058    00000038                                   : memory.c.obj (.text:minit)
                  2000a090    00000034     driverlib.a : sdhost.obj (.text:SDHostRespGet)
                  2000a0c4    00000030                 : uart.obj (.text:UARTDisable)
                  2000a0f4    00000030     rtsv7M4_T_le_v4SPD16_eabi.lib : vsnprintf.c.obj (.text:_outs)
                  2000a124    0000002e                                   : i_tofd_t2.asm.obj (.text)
                  2000a152    00000002     --HOLE-- [fill = 0]
                  2000a154    0000002c     driverlib.a : prcm.obj (.text:PRCMSysResetCauseGet)
                  2000a180    0000002c                 : sdhost.obj (.text:SDHostIntStatus)
                  2000a1ac    00000028                 : prcm.obj (.text:PRCMPeripheralClkDisable)
                  2000a1d4    00000028                 : sdhost.obj (.text:SDHostBlockSizeSet)
                  2000a1fc    00000028     rtsv7M4_T_le_v4SPD16_eabi.lib : memory.c.obj (.text:mremove)
                  2000a224    00000026     driverlib.a : sdhost.obj (.text:SDHostBlockCountSet)
                  2000a24a    00000002     --HOLE-- [fill = 0]
                  2000a24c    00000024                 : sdhost.obj (.text:SDHostIntClear)
                  2000a270    00000024                 : uart.obj (.text:UARTEnable)
                  2000a294    00000024     rtsv7M4_T_le_v4SPD16_eabi.lib : memmov.c.obj (.text:memmove)
                  2000a2b8    00000022     driverlib.a : sdhost.obj (.text:SDHostCmdReset)
                  2000a2da    00000020                 : sdhost.obj (.text:SDHostDataRead)
                  2000a2fa    0000001e                 : sdhost.obj (.text:SDHostDataWrite)
                  2000a318    0000001e                 : uart.obj (.text:UARTCharPut)
                  2000a336    0000001c                 : uart.obj (.text:UARTCharGetNonBlocking)
                  2000a352    0000001c     rtsv7M4_T_le_v4SPD16_eabi.lib : memccpy.c.obj (.text:memccpy)
                  2000a36e    0000001a     driverlib.a : pin.obj (.text:PinTypeSDHost)
                  2000a388    0000001a                 : pin.obj (.text:PinTypeUART)
                  2000a3a2    00000018                 : uart.obj (.text:UARTCharsAvail)
                  2000a3ba    00000018     rtsv7M4_T_le_v4SPD16_eabi.lib : vsnprintf.c.obj (.text:_outc)
                  2000a3d2    00000016     driverlib.a : prcm.obj (.text:PRCMHIBRegRead)
                  2000a3e8    00000016                 : prcm.obj (.text:PRCMHIBRegWrite)
                  2000a3fe    00000016     rtsv7M4_T_le_v4SPD16_eabi.lib : strchr.c.obj (.text:strchr)
                  2000a414    00000014     driverlib.a : cpu.obj (.text:CPUcpsie)
                  2000a428    00000014                 : interrupt.obj (.text:IntVTableBaseSet)
                  2000a43c    00000014     rtsv7M4_T_le_v4SPD16_eabi.lib : s_copysign.c.obj (.text:copysign)
                  2000a450    00000014                                   : strlen.c.obj (.text:strlen)
                  2000a464    00000012                                   : copy_zero_init.c.obj (.text:decompress:ZI:__TI_zero_init_nomemset:__TI_zero_init_nomemset)
                  2000a476    00000012                                   : wcslen.c.obj (.text:wcslen)
                  2000a488    0000000e                                   : copy_decompress_none.c.obj (.text:decompress:none:__TI_decompress_none)
                  2000a496    0000000e     startup_ccs.obj (.text)
                  2000a4a4    0000000a     driverlib.a : interrupt.obj (.text:IntMasterEnable)
                  2000a4ae    00000002     --HOLE-- [fill = 0]
                  2000a4b0    00000008     rtsv7M4_T_le_v4SPD16_eabi.lib : errno.c.obj (.text:__aeabi_errno_addr)
                  2000a4b8    00000006     driverlib.a : utils.obj (.text:UtilsDelay)
                  2000a4be    00000004     rtsv7M4_T_le_v4SPD16_eabi.lib : pre_init.c.obj (.text:_system_pre_init)
                  2000a4c2    00000004                                   : exit.c.obj (.text:abort:abort)

.const     0    2000a4c8    000002c4     
                  2000a4c8    00000101     rtsv7M4_T_le_v4SPD16_eabi.lib : ctype.c.obj (.const:.string:_ctypes_)
                  2000a5c9    00000003     --HOLE-- [fill = 0]
                  2000a5cc    00000100     driverlib.a : pin.obj (.const:g_ulPinToPadMap)
                  2000a6cc    000000a8                 : prcm.obj (.const:PRCM_PeriphRegsList)
                  2000a774    00000018                 : interrupt.obj (.const:g_pulEnRegs)

.cinit     0    2000a790    00000048     
                  2000a790    0000001d     (.cinit..data.load) [load image, compression = lzss]
                  2000a7ad    00000003     --HOLE-- [fill = 0]
                  2000a7b0    0000000c     (__TI_handler_table)
                  2000a7bc    00000004     --HOLE-- [fill = 0]
                  2000a7c0    00000008     (.cinit..bss.load) [load image, compression = zero_init]
                  2000a7c8    00000010     (__TI_cinit_table)

.sysmem    0    20017000    00000800     UNINITIALIZED
                  20017000    00000008     rtsv7M4_T_le_v4SPD16_eabi.lib : memory.c.obj (.sysmem)
                  20017008    000007f8     --HOLE--

.data      0    20017800    00000030     UNINITIALIZED
                  20017800    00000018     diskio.obj (.data:g_sDisk)
                  20017818    0000000c     rtsv7M4_T_le_v4SPD16_eabi.lib : memory.c.obj (.data:$O1$$)
                  20017824    00000008                                   : _lock.c.obj (.data:$O1$$)
                  2001782c    00000004                                   : errno.c.obj (.data)

.bss       0    20017830    0000000e     UNINITIALIZED
                  20017830    00000004     uart_if.obj (.bss)
                  20017834    00000004     (.common:FatFs)
                  20017838    00000004     (.common:pBuffer)
                  2001783c    00000002     (.common:Fsid)

.stack     0    2002f000    00001000     UNINITIALIZED
                  2002f000    00000004     rtsv7M4_T_le_v4SPD16_eabi.lib : boot_cortex_m.c.obj (.stack)
                  2002f004    00000ffc     --HOLE--

MODULE SUMMARY

       Module                       code    ro data   rw data
       ------                       ----    -------   -------
    .\
       diskio.obj                   1212    0         24     
       main.obj                     1088    0         4      
       startup_ccs.obj              14      1024      0      
       uart_if.obj                  640     0         4      
       pinmux.obj                   84      0         0      
    +--+----------------------------+-------+---------+---------+
       Total:                       3038    1024      32     
                                                             
    C:/ti/CC3200SDK_1.3.0/cc3200-sdk/driverlib/ccs/Release/driverlib.a
       prcm.obj                     800     168       0      
       sdhost.obj                   594     0         0      
       pin.obj                      312     256       0      
       uart.obj                     284     0         0      
       interrupt.obj                198     24        0      
       cpu.obj                      20      0         0      
       utils.obj                    6       0         0      
    +--+----------------------------+-------+---------+---------+
       Total:                       2214    448       0      
                                                             
    C:/ti/CC3200SDK_1.3.0/cc3200-sdk/third_party/fatfs/ccs/Release/fatfs.a
       ff.obj                       10966   0         6      
    +--+----------------------------+-------+---------+---------+
       Total:                       10966   0         6      
                                                             
    C:\ti\ccs800\ccsv8\tools\compiler\ti-cgt-arm_18.1.2.LTS\lib\rtsv7M4_T_le_v4SPD16_eabi.lib
       _printfi.c.obj               4863    0         0      
       memory.c.obj                 768     0         12     
       fd_add_t2.asm.obj            438     0         0      
       fd_div_t2.asm.obj            310     0         0      
       s_scalbn.c.obj               272     0         0      
       fd_cmp_t2.asm.obj            268     0         0      
       ctype.c.obj                  0       257       0      
       fd_mul_t2.asm.obj            252     0         0      
       memcpy_t2.asm.obj            156     0         0      
       ull_div_t2.asm.obj           150     0         0      
       vsnprintf.c.obj              136     0         0      
       memset_t2.asm.obj            122     0         0      
       copy_decompress_lzss.c.obj   104     0         0      
       s_frexp.c.obj                100     0         0      
       ltoa.c.obj                   84      0         0      
       atoi.c.obj                   76      0         0      
       fd_toi_t2.asm.obj            72      0         0      
       autoinit.c.obj               68      0         0      
       boot_cortex_m.c.obj          56      0         0      
       i_tofd_t2.asm.obj            46      0         0      
       memmov.c.obj                 36      0         0      
       memccpy.c.obj                28      0         0      
       strchr.c.obj                 22      0         0      
       s_copysign.c.obj             20      0         0      
       strlen.c.obj                 20      0         0      
       copy_zero_init.c.obj         18      0         0      
       wcslen.c.obj                 18      0         0      
       copy_decompress_none.c.obj   14      0         0      
       errno.c.obj                  8       0         4      
       _lock.c.obj                  2       0         8      
       exit.c.obj                   4       0         0      
       pre_init.c.obj               4       0         0      
       div0.asm.obj                 2       0         0      
    +--+----------------------------+-------+---------+---------+
       Total:                       8537    257       24     
                                                             
       Heap:                        0       0         2048   
       Stack:                       0       0         4096   
       Linker Generated:            0       65        0      
    +--+----------------------------+-------+---------+---------+
       Grand Total:                 24755   1794      6206   


LINKER GENERATED COPY TABLES

__TI_cinit_table @ 2000a7c8 records: 2, size/record: 8, table size: 16
	.data: load addr=2000a790, load size=0000001d bytes, run addr=20017800, run size=00000030 bytes, compression=lzss
	.bss: load addr=2000a7c0, load size=00000008 bytes, run addr=20017830, run size=0000000e bytes, compression=zero_init


LINKER GENERATED HANDLER TABLE

__TI_handler_table @ 2000a7b0 records: 3, size/record: 4, table size: 12
	index: 0, handler: __TI_decompress_lzss
	index: 1, handler: __TI_decompress_none
	index: 2, handler: __TI_zero_init


GLOBAL SYMBOLS: SORTED ALPHABETICALLY BY Name 

address   name                          
-------   ----                          
2000a4c3  C$$EXIT                       
2000a415  CPUcpsie                      
20008275  ClearTerm                     
2000827f  Error                         
200082b7  GetCmd                        
20008235  InitTerm                      
20009465  IntEnable                     
2000a4a5  IntMasterEnable               
2000a429  IntVTableBaseSet              
20008253  Message                       
20008aad  PRCMCC3200MCUInit             
2000a3d3  PRCMHIBRegRead                
2000a3e9  PRCMHIBRegWrite               
2000a1ad  PRCMPeripheralClkDisable      
20009f6d  PRCMPeripheralClkEnable       
20009641  PRCMPeripheralClockGet        
20009bf1  PRCMPeripheralReset           
2000a155  PRCMSysResetCauseGet          
200096d5  PinConfigSet                  
20009fa9  PinDirModeSet                 
20009e71  PinModeSet                    
20009cf3  PinMuxConfig                  
2000a36f  PinTypeSDHost                 
2000a389  PinTypeUART                   
200083f5  Report                        
2000a497  ResetISR                      
2000a225  SDHostBlockCountSet           
2000a1d5  SDHostBlockSizeSet            
2000a2b9  SDHostCmdReset                
20009ef1  SDHostCmdSend                 
2000a2db  SDHostDataRead                
2000a2fb  SDHostDataWrite               
20009869  SDHostInit                    
2000a24d  SDHostIntClear                
2000a181  SDHostIntStatus               
2000a091  SDHostRespGet                 
20009b25  SDHostSetExpClk               
2000835d  TrimSpace                     
2000a337  UARTCharGetNonBlocking        
2000a319  UARTCharPut                   
2000a3a3  UARTCharsAvail                
200099d9  UARTConfigSetExpClk           
2000a0c5  UARTDisable                   
2000a271  UARTEnable                    
2000a4b9  UtilsDelay                    
20030000  __STACK_END                   
00001000  __STACK_SIZE                  
00000800  __SYSMEM_SIZE                 
2000a7c8  __TI_CINIT_Base               
2000a7d8  __TI_CINIT_Limit              
2000a7b0  __TI_Handler_Table_Base       
2000a7bc  __TI_Handler_Table_Limit      
20009e2d  __TI_auto_init_nobinit_nopinit
20009abd  __TI_decompress_lzss          
2000a489  __TI_decompress_none          
ffffffff  __TI_pprof_out_hndl           
20006ed9  __TI_printfi                  
ffffffff  __TI_prof_data_size           
ffffffff  __TI_prof_data_start          
2000a790  __TI_static_base__            
2000a465  __TI_zero_init_nomemset       
2000975d  __aeabi_cdcmpeq               
2000975d  __aeabi_cdcmple               
200097e3  __aeabi_cdrcmple              
20009de5  __aeabi_d2iz                  
200088ff  __aeabi_dadd                  
20008d61  __aeabi_ddiv                  
200091dd  __aeabi_dmul                  
200088f5  __aeabi_dsub                  
2000a4b1  __aeabi_errno_addr            
2000a125  __aeabi_i2d                   
20007937  __aeabi_idiv0                 
20007937  __aeabi_ldiv0                 
200098e5  __aeabi_memclr                
200098e5  __aeabi_memclr4               
200098e5  __aeabi_memclr8               
2000950d  __aeabi_memcpy                
2000950d  __aeabi_memcpy4               
2000950d  __aeabi_memcpy8               
200098e7  __aeabi_memset                
200098e7  __aeabi_memset4               
200098e7  __aeabi_memset8               
200095a9  __aeabi_uldivmod              
ffffffff  __binit__                     
ffffffff  __c_args__                    
UNDEFED   __mpu_init                    
2002f000  __stack                       
2000a021  _c_int00_noargs               
2000a4c8  _ctypes_                      
20017824  _lock                         
20006ed7  _nop                          
20017000  _sys_memory                   
UNDEFED   _system_post_cinit            
2000a4bf  _system_pre_init              
20017828  _unlock                       
2000a4c3  abort                         
20009d99  atoi                          
ffffffff  binit                         
200046b9  clust2sect                    
2000a43d  copysign                      
2000a43d  copysignl                     
20007a37  disk_initialize               
20007d81  disk_ioctl                    
20007b85  disk_read                     
20007b67  disk_status                   
20007c69  disk_write                    
2001782c  errno                         
20006c73  f_chmod                       
200062f9  f_close                       
20006603  f_closedir                    
20006703  f_getfree                     
20006329  f_lseek                       
20006a8d  f_mkdir                       
20005a97  f_mount                       
20005b15  f_open                        
2000655b  f_opendir                     
20005d31  f_read                        
20006623  f_readdir                     
20006d03  f_rename                      
200066af  f_stat                        
200061fd  f_sync                        
20006861  f_truncate                    
20006989  f_unlink                      
20006e53  f_utime                       
20005f6b  f_write                       
200092d9  free                          
20009b8d  frexp                         
20009b8d  frexpl                        
20004000  g_pfnVectors                  
200046e9  get_fat                       
20007dc5  get_fattime                   
200090cd  ldexp                         
200090cd  ldexpl                        
20009c9f  ltoa                          
20007e85  main                          
20009961  malloc                        
2000a353  memccpy                       
2000950d  memcpy                        
2000a295  memmove                       
200098ed  memset                        
2000a059  minit                         
20017838  pBuffer                       
20004823  put_fat                       
20008fb9  realloc                       
200090cd  scalbn                        
200090cd  scalbnl                       
2000a3ff  strchr                        
2000a451  strlen                        
20009eb1  vsnprintf                     
2000a477  wcslen                        


GLOBAL SYMBOLS: SORTED BY Symbol Address 

address   name                          
-------   ----                          
00000800  __SYSMEM_SIZE                 
00001000  __STACK_SIZE                  
20004000  g_pfnVectors                  
200046b9  clust2sect                    
200046e9  get_fat                       
20004823  put_fat                       
20005a97  f_mount                       
20005b15  f_open                        
20005d31  f_read                        
20005f6b  f_write                       
200061fd  f_sync                        
200062f9  f_close                       
20006329  f_lseek                       
2000655b  f_opendir                     
20006603  f_closedir                    
20006623  f_readdir                     
200066af  f_stat                        
20006703  f_getfree                     
20006861  f_truncate                    
20006989  f_unlink                      
20006a8d  f_mkdir                       
20006c73  f_chmod                       
20006d03  f_rename                      
20006e53  f_utime                       
20006ed7  _nop                          
20006ed9  __TI_printfi                  
20007937  __aeabi_idiv0                 
20007937  __aeabi_ldiv0                 
20007a37  disk_initialize               
20007b67  disk_status                   
20007b85  disk_read                     
20007c69  disk_write                    
20007d81  disk_ioctl                    
20007dc5  get_fattime                   
20007e85  main                          
20008235  InitTerm                      
20008253  Message                       
20008275  ClearTerm                     
2000827f  Error                         
200082b7  GetCmd                        
2000835d  TrimSpace                     
200083f5  Report                        
200088f5  __aeabi_dsub                  
200088ff  __aeabi_dadd                  
20008aad  PRCMCC3200MCUInit             
20008d61  __aeabi_ddiv                  
20008fb9  realloc                       
200090cd  ldexp                         
200090cd  ldexpl                        
200090cd  scalbn                        
200090cd  scalbnl                       
200091dd  __aeabi_dmul                  
200092d9  free                          
20009465  IntEnable                     
2000950d  __aeabi_memcpy                
2000950d  __aeabi_memcpy4               
2000950d  __aeabi_memcpy8               
2000950d  memcpy                        
200095a9  __aeabi_uldivmod              
20009641  PRCMPeripheralClockGet        
200096d5  PinConfigSet                  
2000975d  __aeabi_cdcmpeq               
2000975d  __aeabi_cdcmple               
200097e3  __aeabi_cdrcmple              
20009869  SDHostInit                    
200098e5  __aeabi_memclr                
200098e5  __aeabi_memclr4               
200098e5  __aeabi_memclr8               
200098e7  __aeabi_memset                
200098e7  __aeabi_memset4               
200098e7  __aeabi_memset8               
200098ed  memset                        
20009961  malloc                        
200099d9  UARTConfigSetExpClk           
20009abd  __TI_decompress_lzss          
20009b25  SDHostSetExpClk               
20009b8d  frexp                         
20009b8d  frexpl                        
20009bf1  PRCMPeripheralReset           
20009c9f  ltoa                          
20009cf3  PinMuxConfig                  
20009d99  atoi                          
20009de5  __aeabi_d2iz                  
20009e2d  __TI_auto_init_nobinit_nopinit
20009e71  PinModeSet                    
20009eb1  vsnprintf                     
20009ef1  SDHostCmdSend                 
20009f6d  PRCMPeripheralClkEnable       
20009fa9  PinDirModeSet                 
2000a021  _c_int00_noargs               
2000a059  minit                         
2000a091  SDHostRespGet                 
2000a0c5  UARTDisable                   
2000a125  __aeabi_i2d                   
2000a155  PRCMSysResetCauseGet          
2000a181  SDHostIntStatus               
2000a1ad  PRCMPeripheralClkDisable      
2000a1d5  SDHostBlockSizeSet            
2000a225  SDHostBlockCountSet           
2000a24d  SDHostIntClear                
2000a271  UARTEnable                    
2000a295  memmove                       
2000a2b9  SDHostCmdReset                
2000a2db  SDHostDataRead                
2000a2fb  SDHostDataWrite               
2000a319  UARTCharPut                   
2000a337  UARTCharGetNonBlocking        
2000a353  memccpy                       
2000a36f  PinTypeSDHost                 
2000a389  PinTypeUART                   
2000a3a3  UARTCharsAvail                
2000a3d3  PRCMHIBRegRead                
2000a3e9  PRCMHIBRegWrite               
2000a3ff  strchr                        
2000a415  CPUcpsie                      
2000a429  IntVTableBaseSet              
2000a43d  copysign                      
2000a43d  copysignl                     
2000a451  strlen                        
2000a465  __TI_zero_init_nomemset       
2000a477  wcslen                        
2000a489  __TI_decompress_none          
2000a497  ResetISR                      
2000a4a5  IntMasterEnable               
2000a4b1  __aeabi_errno_addr            
2000a4b9  UtilsDelay                    
2000a4bf  _system_pre_init              
2000a4c3  C$$EXIT                       
2000a4c3  abort                         
2000a4c8  _ctypes_                      
2000a790  __TI_static_base__            
2000a7b0  __TI_Handler_Table_Base       
2000a7bc  __TI_Handler_Table_Limit      
2000a7c8  __TI_CINIT_Base               
2000a7d8  __TI_CINIT_Limit              
20017000  _sys_memory                   
20017824  _lock                         
20017828  _unlock                       
2001782c  errno                         
20017838  pBuffer                       
2002f000  __stack                       
20030000  __STACK_END                   
ffffffff  __TI_pprof_out_hndl           
ffffffff  __TI_prof_data_size           
ffffffff  __TI_prof_data_start          
ffffffff  __binit__                     
ffffffff  __c_args__                    
ffffffff  binit                         
UNDEFED   __mpu_init                    
UNDEFED   _system_post_cinit            

[150 symbols]
