<?xml version="1.0" encoding="ISO-8859-1" ?>
<link_info>
   <banner>TI ARM Linker PC v18.1.2.LTS</banner>
   <copyright>Copyright (c) 1996-2017 Texas Instruments Incorporated</copyright>
   <link_time>0x5b327012</link_time>
   <link_errors>0x0</link_errors>
   <output_file>sdhost_fatfs.out</output_file>
   <entry_point>
      <name>_c_int00_noargs</name>
      <address>0x2000a021</address>
   </entry_point>
   <input_file_list>
      <input_file id="fl-2">
         <path>.\</path>
         <kind>object</kind>
         <file>MFRC522.obj</file>
         <name>MFRC522.obj</name>
      </input_file>
      <input_file id="fl-3">
         <path>.\</path>
         <kind>object</kind>
         <file>camera_app.obj</file>
         <name>camera_app.obj</name>
      </input_file>
      <input_file id="fl-4">
         <path>.\</path>
         <kind>object</kind>
         <file>diskio.obj</file>
         <name>diskio.obj</name>
      </input_file>
      <input_file id="fl-5">
         <path>.\</path>
         <kind>object</kind>
         <file>i2c_lcd.obj</file>
         <name>i2c_lcd.obj</name>
      </input_file>
      <input_file id="fl-6">
         <path>.\</path>
         <kind>object</kind>
         <file>i2cconfig.obj</file>
         <name>i2cconfig.obj</name>
      </input_file>
      <input_file id="fl-7">
         <path>.\</path>
         <kind>object</kind>
         <file>main.obj</file>
         <name>main.obj</name>
      </input_file>
      <input_file id="fl-8">
         <path>.\</path>
         <kind>object</kind>
         <file>mt9d111.obj</file>
         <name>mt9d111.obj</name>
      </input_file>
      <input_file id="fl-9">
         <path>.\</path>
         <kind>object</kind>
         <file>pinmux.obj</file>
         <name>pinmux.obj</name>
      </input_file>
      <input_file id="fl-a">
         <path>.\</path>
         <kind>object</kind>
         <file>startup_ccs.obj</file>
         <name>startup_ccs.obj</name>
      </input_file>
      <input_file id="fl-b">
         <path>.\</path>
         <kind>object</kind>
         <file>uart_if.obj</file>
         <name>uart_if.obj</name>
      </input_file>
      <input_file id="fl-12">
         <kind>object</kind>
         <file>&lt;internal&gt;</file>
         <name>&lt;internal&gt;</name>
      </input_file>
      <input_file id="fl-c8">
         <path>C:\ti\CC3200SDK_1.3.0\cc3200-sdk\driverlib\ccs\Release\</path>
         <kind>archive</kind>
         <file>driverlib.a</file>
         <name>gpio.obj</name>
      </input_file>
      <input_file id="fl-c9">
         <path>C:\ti\CC3200SDK_1.3.0\cc3200-sdk\driverlib\ccs\Release\</path>
         <kind>archive</kind>
         <file>driverlib.a</file>
         <name>interrupt.obj</name>
      </input_file>
      <input_file id="fl-ca">
         <path>C:\ti\CC3200SDK_1.3.0\cc3200-sdk\driverlib\ccs\Release\</path>
         <kind>archive</kind>
         <file>driverlib.a</file>
         <name>cpu.obj</name>
      </input_file>
      <input_file id="fl-cb">
         <path>C:\ti\CC3200SDK_1.3.0\cc3200-sdk\driverlib\ccs\Release\</path>
         <kind>archive</kind>
         <file>driverlib.a</file>
         <name>prcm.obj</name>
      </input_file>
      <input_file id="fl-cc">
         <path>C:\ti\CC3200SDK_1.3.0\cc3200-sdk\driverlib\ccs\Release\</path>
         <kind>archive</kind>
         <file>driverlib.a</file>
         <name>flash.obj</name>
      </input_file>
      <input_file id="fl-cd">
         <path>C:\ti\CC3200SDK_1.3.0\cc3200-sdk\driverlib\ccs\Release\</path>
         <kind>archive</kind>
         <file>driverlib.a</file>
         <name>pin.obj</name>
      </input_file>
      <input_file id="fl-ce">
         <path>C:\ti\CC3200SDK_1.3.0\cc3200-sdk\driverlib\ccs\Release\</path>
         <kind>archive</kind>
         <file>driverlib.a</file>
         <name>sdhost.obj</name>
      </input_file>
      <input_file id="fl-cf">
         <path>C:\ti\CC3200SDK_1.3.0\cc3200-sdk\driverlib\ccs\Release\</path>
         <kind>archive</kind>
         <file>driverlib.a</file>
         <name>spi.obj</name>
      </input_file>
      <input_file id="fl-d0">
         <path>C:\ti\CC3200SDK_1.3.0\cc3200-sdk\driverlib\ccs\Release\</path>
         <kind>archive</kind>
         <file>driverlib.a</file>
         <name>uart.obj</name>
      </input_file>
      <input_file id="fl-d1">
         <path>C:\ti\CC3200SDK_1.3.0\cc3200-sdk\driverlib\ccs\Release\</path>
         <kind>archive</kind>
         <file>driverlib.a</file>
         <name>utils.obj</name>
      </input_file>
      <input_file id="fl-d2">
         <path>C:\ti\ccs800\ccsv8\tools\compiler\ti-cgt-arm_18.1.2.LTS\lib\</path>
         <kind>archive</kind>
         <file>rtsv7M4_T_le_v4SPD16_eabi.lib</file>
         <name>copy_decompress_lzss.c.obj</name>
      </input_file>
      <input_file id="fl-d3">
         <path>C:\ti\ccs800\ccsv8\tools\compiler\ti-cgt-arm_18.1.2.LTS\lib\</path>
         <kind>archive</kind>
         <file>rtsv7M4_T_le_v4SPD16_eabi.lib</file>
         <name>copy_decompress_none.c.obj</name>
      </input_file>
      <input_file id="fl-d4">
         <path>C:\ti\ccs800\ccsv8\tools\compiler\ti-cgt-arm_18.1.2.LTS\lib\</path>
         <kind>archive</kind>
         <file>rtsv7M4_T_le_v4SPD16_eabi.lib</file>
         <name>copy_zero_init.c.obj</name>
      </input_file>
      <input_file id="fl-d5">
         <path>C:\ti\ccs800\ccsv8\tools\compiler\ti-cgt-arm_18.1.2.LTS\lib\</path>
         <kind>archive</kind>
         <file>rtsv7M4_T_le_v4SPD16_eabi.lib</file>
         <name>ull_div_t2.asm.obj</name>
      </input_file>
      <input_file id="fl-d6">
         <path>C:\ti\ccs800\ccsv8\tools\compiler\ti-cgt-arm_18.1.2.LTS\lib\</path>
         <kind>archive</kind>
         <file>rtsv7M4_T_le_v4SPD16_eabi.lib</file>
         <name>div0.asm.obj</name>
      </input_file>
      <input_file id="fl-d7">
         <path>C:\ti\ccs800\ccsv8\tools\compiler\ti-cgt-arm_18.1.2.LTS\lib\</path>
         <kind>archive</kind>
         <file>rtsv7M4_T_le_v4SPD16_eabi.lib</file>
         <name>boot_cortex_m.c.obj</name>
      </input_file>
      <input_file id="fl-d8">
         <path>C:\ti\ccs800\ccsv8\tools\compiler\ti-cgt-arm_18.1.2.LTS\lib\</path>
         <kind>archive</kind>
         <file>rtsv7M4_T_le_v4SPD16_eabi.lib</file>
         <name>autoinit.c.obj</name>
      </input_file>
      <input_file id="fl-d9">
         <path>C:\ti\ccs800\ccsv8\tools\compiler\ti-cgt-arm_18.1.2.LTS\lib\</path>
         <kind>archive</kind>
         <file>rtsv7M4_T_le_v4SPD16_eabi.lib</file>
         <name>args_main.c.obj</name>
      </input_file>
      <input_file id="fl-da">
         <path>C:\ti\ccs800\ccsv8\tools\compiler\ti-cgt-arm_18.1.2.LTS\lib\</path>
         <kind>archive</kind>
         <file>rtsv7M4_T_le_v4SPD16_eabi.lib</file>
         <name>pre_init.c.obj</name>
      </input_file>
      <input_file id="fl-db">
         <path>C:\ti\ccs800\ccsv8\tools\compiler\ti-cgt-arm_18.1.2.LTS\lib\</path>
         <kind>archive</kind>
         <file>rtsv7M4_T_le_v4SPD16_eabi.lib</file>
         <name>cpy_tbl.c.obj</name>
      </input_file>
      <input_file id="fl-dc">
         <path>C:\ti\ccs800\ccsv8\tools\compiler\ti-cgt-arm_18.1.2.LTS\lib\</path>
         <kind>archive</kind>
         <file>rtsv7M4_T_le_v4SPD16_eabi.lib</file>
         <name>exit.c.obj</name>
      </input_file>
      <input_file id="fl-dd">
         <path>C:\ti\ccs800\ccsv8\tools\compiler\ti-cgt-arm_18.1.2.LTS\lib\</path>
         <kind>archive</kind>
         <file>rtsv7M4_T_le_v4SPD16_eabi.lib</file>
         <name>_lock.c.obj</name>
      </input_file>
      <input_file id="fl-de">
         <path>C:\ti\CC3200SDK_1.3.0\cc3200-sdk\third_party\fatfs\ccs\Release\</path>
         <kind>archive</kind>
         <file>fatfs.a</file>
         <name>ff.obj</name>
      </input_file>
      <input_file id="fl-df">
         <path>C:\ti\ccs800\ccsv8\tools\compiler\ti-cgt-arm_18.1.2.LTS\lib\</path>
         <kind>archive</kind>
         <file>rtsv7M4_T_le_v4SPD16_eabi.lib</file>
         <name>memory.c.obj</name>
      </input_file>
      <input_file id="fl-e0">
         <path>C:\ti\ccs800\ccsv8\tools\compiler\ti-cgt-arm_18.1.2.LTS\lib\</path>
         <kind>archive</kind>
         <file>rtsv7M4_T_le_v4SPD16_eabi.lib</file>
         <name>memcpy_t2.asm.obj</name>
      </input_file>
      <input_file id="fl-e1">
         <path>C:\ti\ccs800\ccsv8\tools\compiler\ti-cgt-arm_18.1.2.LTS\lib\</path>
         <kind>archive</kind>
         <file>rtsv7M4_T_le_v4SPD16_eabi.lib</file>
         <name>memmov.c.obj</name>
      </input_file>
      <input_file id="fl-e2">
         <path>C:\ti\ccs800\ccsv8\tools\compiler\ti-cgt-arm_18.1.2.LTS\lib\</path>
         <kind>archive</kind>
         <file>rtsv7M4_T_le_v4SPD16_eabi.lib</file>
         <name>memset_t2.asm.obj</name>
      </input_file>
      <input_file id="fl-e3">
         <path>C:\ti\ccs800\ccsv8\tools\compiler\ti-cgt-arm_18.1.2.LTS\lib\</path>
         <kind>archive</kind>
         <file>rtsv7M4_T_le_v4SPD16_eabi.lib</file>
         <name>strlen.c.obj</name>
      </input_file>
      <input_file id="fl-e4">
         <path>C:\ti\ccs800\ccsv8\tools\compiler\ti-cgt-arm_18.1.2.LTS\lib\</path>
         <kind>archive</kind>
         <file>rtsv7M4_T_le_v4SPD16_eabi.lib</file>
         <name>vsnprintf.c.obj</name>
      </input_file>
      <input_file id="fl-e5">
         <path>C:\ti\ccs800\ccsv8\tools\compiler\ti-cgt-arm_18.1.2.LTS\lib\</path>
         <kind>archive</kind>
         <file>rtsv7M4_T_le_v4SPD16_eabi.lib</file>
         <name>_printfi.c.obj</name>
      </input_file>
      <input_file id="fl-e6">
         <path>C:\ti\ccs800\ccsv8\tools\compiler\ti-cgt-arm_18.1.2.LTS\lib\</path>
         <kind>archive</kind>
         <file>rtsv7M4_T_le_v4SPD16_eabi.lib</file>
         <name>fd_cmp_t2.asm.obj</name>
      </input_file>
      <input_file id="fl-e7">
         <path>C:\ti\ccs800\ccsv8\tools\compiler\ti-cgt-arm_18.1.2.LTS\lib\</path>
         <kind>archive</kind>
         <file>rtsv7M4_T_le_v4SPD16_eabi.lib</file>
         <name>fd_toi_t2.asm.obj</name>
      </input_file>
      <input_file id="fl-e8">
         <path>C:\ti\ccs800\ccsv8\tools\compiler\ti-cgt-arm_18.1.2.LTS\lib\</path>
         <kind>archive</kind>
         <file>rtsv7M4_T_le_v4SPD16_eabi.lib</file>
         <name>fd_div_t2.asm.obj</name>
      </input_file>
      <input_file id="fl-e9">
         <path>C:\ti\ccs800\ccsv8\tools\compiler\ti-cgt-arm_18.1.2.LTS\lib\</path>
         <kind>archive</kind>
         <file>rtsv7M4_T_le_v4SPD16_eabi.lib</file>
         <name>fd_mul_t2.asm.obj</name>
      </input_file>
      <input_file id="fl-ea">
         <path>C:\ti\ccs800\ccsv8\tools\compiler\ti-cgt-arm_18.1.2.LTS\lib\</path>
         <kind>archive</kind>
         <file>rtsv7M4_T_le_v4SPD16_eabi.lib</file>
         <name>fd_add_t2.asm.obj</name>
      </input_file>
      <input_file id="fl-eb">
         <path>C:\ti\ccs800\ccsv8\tools\compiler\ti-cgt-arm_18.1.2.LTS\lib\</path>
         <kind>archive</kind>
         <file>rtsv7M4_T_le_v4SPD16_eabi.lib</file>
         <name>errno.c.obj</name>
      </input_file>
      <input_file id="fl-ec">
         <path>C:\ti\ccs800\ccsv8\tools\compiler\ti-cgt-arm_18.1.2.LTS\lib\</path>
         <kind>archive</kind>
         <file>rtsv7M4_T_le_v4SPD16_eabi.lib</file>
         <name>i_tofd_t2.asm.obj</name>
      </input_file>
      <input_file id="fl-ed">
         <path>C:\ti\ccs800\ccsv8\tools\compiler\ti-cgt-arm_18.1.2.LTS\lib\</path>
         <kind>archive</kind>
         <file>rtsv7M4_T_le_v4SPD16_eabi.lib</file>
         <name>atoi.c.obj</name>
      </input_file>
      <input_file id="fl-ee">
         <path>C:\ti\ccs800\ccsv8\tools\compiler\ti-cgt-arm_18.1.2.LTS\lib\</path>
         <kind>archive</kind>
         <file>rtsv7M4_T_le_v4SPD16_eabi.lib</file>
         <name>ctype.c.obj</name>
      </input_file>
      <input_file id="fl-ef">
         <path>C:\ti\ccs800\ccsv8\tools\compiler\ti-cgt-arm_18.1.2.LTS\lib\</path>
         <kind>archive</kind>
         <file>rtsv7M4_T_le_v4SPD16_eabi.lib</file>
         <name>s_frexp.c.obj</name>
      </input_file>
      <input_file id="fl-f0">
         <path>C:\ti\ccs800\ccsv8\tools\compiler\ti-cgt-arm_18.1.2.LTS\lib\</path>
         <kind>archive</kind>
         <file>rtsv7M4_T_le_v4SPD16_eabi.lib</file>
         <name>s_scalbn.c.obj</name>
      </input_file>
      <input_file id="fl-f1">
         <path>C:\ti\ccs800\ccsv8\tools\compiler\ti-cgt-arm_18.1.2.LTS\lib\</path>
         <kind>archive</kind>
         <file>rtsv7M4_T_le_v4SPD16_eabi.lib</file>
         <name>s_copysign.c.obj</name>
      </input_file>
      <input_file id="fl-f2">
         <path>C:\ti\ccs800\ccsv8\tools\compiler\ti-cgt-arm_18.1.2.LTS\lib\</path>
         <kind>archive</kind>
         <file>rtsv7M4_T_le_v4SPD16_eabi.lib</file>
         <name>ltoa.c.obj</name>
      </input_file>
      <input_file id="fl-f3">
         <path>C:\ti\ccs800\ccsv8\tools\compiler\ti-cgt-arm_18.1.2.LTS\lib\</path>
         <kind>archive</kind>
         <file>rtsv7M4_T_le_v4SPD16_eabi.lib</file>
         <name>memccpy.c.obj</name>
      </input_file>
      <input_file id="fl-f4">
         <path>C:\ti\ccs800\ccsv8\tools\compiler\ti-cgt-arm_18.1.2.LTS\lib\</path>
         <kind>archive</kind>
         <file>rtsv7M4_T_le_v4SPD16_eabi.lib</file>
         <name>strchr.c.obj</name>
      </input_file>
      <input_file id="fl-f5">
         <path>C:\ti\ccs800\ccsv8\tools\compiler\ti-cgt-arm_18.1.2.LTS\lib\</path>
         <kind>archive</kind>
         <file>rtsv7M4_T_le_v4SPD16_eabi.lib</file>
         <name>wcslen.c.obj</name>
      </input_file>
   </input_file_list>
   <object_component_list>
      <object_component id="oc-f">
         <name>.intvecs</name>
         <load_address>0x20004000</load_address>
         <run_address>0x20004000</run_address>
         <size>0x400</size>
         <input_file_ref idref="fl-a"/>
      </object_component>
      <object_component id="oc-c2">
         <name>.text</name>
         <load_address>0x20004400</load_address>
         <run_address>0x20004400</run_address>
         <size>0x2ad6</size>
         <input_file_ref idref="fl-de"/>
      </object_component>
      <object_component id="oc-2da">
         <name>.text:_nop</name>
         <load_address>0x20006ed6</load_address>
         <run_address>0x20006ed6</run_address>
         <size>0x2</size>
         <input_file_ref idref="fl-dd"/>
      </object_component>
      <object_component id="oc-270">
         <name>.text:__TI_printfi</name>
         <load_address>0x20006ed8</load_address>
         <run_address>0x20006ed8</run_address>
         <size>0xa5e</size>
         <input_file_ref idref="fl-e5"/>
      </object_component>
      <object_component id="oc-3f7">
         <name>.text</name>
         <load_address>0x20007936</load_address>
         <run_address>0x20007936</run_address>
         <size>0x2</size>
         <input_file_ref idref="fl-d6"/>
      </object_component>
      <object_component id="oc-167">
         <name>.text</name>
         <load_address>0x20007938</load_address>
         <run_address>0x20007938</run_address>
         <size>0x4bc</size>
         <input_file_ref idref="fl-4"/>
      </object_component>
      <object_component id="oc-94">
         <name>.text</name>
         <load_address>0x20007df4</load_address>
         <run_address>0x20007df4</run_address>
         <size>0x440</size>
         <input_file_ref idref="fl-7"/>
      </object_component>
      <object_component id="oc-c8">
         <name>.text</name>
         <load_address>0x20008234</load_address>
         <run_address>0x20008234</run_address>
         <size>0x280</size>
         <input_file_ref idref="fl-b"/>
      </object_component>
      <object_component id="oc-331">
         <name>.text:_pconv_a</name>
         <load_address>0x200084b4</load_address>
         <run_address>0x200084b4</run_address>
         <size>0x270</size>
         <input_file_ref idref="fl-e5"/>
      </object_component>
      <object_component id="oc-31f">
         <name>.text:_pconv_g</name>
         <load_address>0x20008724</load_address>
         <run_address>0x20008724</run_address>
         <size>0x1d0</size>
         <input_file_ref idref="fl-e5"/>
      </object_component>
      <object_component id="oc-3a5">
         <name>.text</name>
         <load_address>0x200088f4</load_address>
         <run_address>0x200088f4</run_address>
         <size>0x1b6</size>
         <input_file_ref idref="fl-ea"/>
      </object_component>
      <object_component id="oc-e0">
         <name>.text:PRCMCC3200MCUInit</name>
         <load_address>0x20008aac</load_address>
         <run_address>0x20008aac</run_address>
         <size>0x178</size>
         <input_file_ref idref="fl-cb"/>
      </object_component>
      <object_component id="oc-32b">
         <name>.text:_pconv_e</name>
         <load_address>0x20008c24</load_address>
         <run_address>0x20008c24</run_address>
         <size>0x13c</size>
         <input_file_ref idref="fl-e5"/>
      </object_component>
      <object_component id="oc-38b">
         <name>.text</name>
         <load_address>0x20008d60</load_address>
         <run_address>0x20008d60</run_address>
         <size>0x136</size>
         <input_file_ref idref="fl-e8"/>
      </object_component>
      <object_component id="oc-3b7">
         <name>.text:fcvt</name>
         <load_address>0x20008e98</load_address>
         <run_address>0x20008e98</run_address>
         <size>0x120</size>
         <input_file_ref idref="fl-e5"/>
      </object_component>
      <object_component id="oc-1a7">
         <name>.text:realloc</name>
         <load_address>0x20008fb8</load_address>
         <run_address>0x20008fb8</run_address>
         <size>0x114</size>
         <input_file_ref idref="fl-df"/>
      </object_component>
      <object_component id="oc-3cb">
         <name>.text:scalbn</name>
         <load_address>0x200090cc</load_address>
         <run_address>0x200090cc</run_address>
         <size>0x110</size>
         <input_file_ref idref="fl-f0"/>
      </object_component>
      <object_component id="oc-386">
         <name>.text</name>
         <load_address>0x200091dc</load_address>
         <run_address>0x200091dc</run_address>
         <size>0xfc</size>
         <input_file_ref idref="fl-e9"/>
      </object_component>
      <object_component id="oc-1ad">
         <name>.text:free</name>
         <load_address>0x200092d8</load_address>
         <run_address>0x200092d8</run_address>
         <size>0xd8</size>
         <input_file_ref idref="fl-df"/>
      </object_component>
      <object_component id="oc-314">
         <name>.text:_ltostr</name>
         <load_address>0x200093b0</load_address>
         <run_address>0x200093b0</run_address>
         <size>0xb1</size>
         <input_file_ref idref="fl-e5"/>
      </object_component>
      <object_component id="oc-da">
         <name>.text:IntEnable</name>
         <load_address>0x20009464</load_address>
         <run_address>0x20009464</run_address>
         <size>0xa8</size>
         <input_file_ref idref="fl-c9"/>
      </object_component>
      <object_component id="oc-3a">
         <name>.text</name>
         <load_address>0x2000950c</load_address>
         <run_address>0x2000950c</run_address>
         <size>0x9c</size>
         <input_file_ref idref="fl-e0"/>
      </object_component>
      <object_component id="oc-37f">
         <name>.text</name>
         <load_address>0x200095a8</load_address>
         <run_address>0x200095a8</run_address>
         <size>0x96</size>
         <input_file_ref idref="fl-d5"/>
      </object_component>
      <object_component id="oc-10a">
         <name>.text:PRCMPeripheralClockGet</name>
         <load_address>0x20009640</load_address>
         <run_address>0x20009640</run_address>
         <size>0x94</size>
         <input_file_ref idref="fl-cb"/>
      </object_component>
      <object_component id="oc-f2">
         <name>.text:PinConfigSet</name>
         <load_address>0x200096d4</load_address>
         <run_address>0x200096d4</run_address>
         <size>0x88</size>
         <input_file_ref idref="fl-cd"/>
      </object_component>
      <object_component id="oc-31a">
         <name>.text:__aeabi_cdcmple</name>
         <load_address>0x2000975c</load_address>
         <run_address>0x2000975c</run_address>
         <size>0x86</size>
         <input_file_ref idref="fl-e6"/>
      </object_component>
      <object_component id="oc-390">
         <name>.text:__aeabi_cdrcmple</name>
         <load_address>0x200097e2</load_address>
         <run_address>0x200097e2</run_address>
         <size>0x86</size>
         <input_file_ref idref="fl-e6"/>
      </object_component>
      <object_component id="oc-104">
         <name>.text:SDHostInit</name>
         <load_address>0x20009868</load_address>
         <run_address>0x20009868</run_address>
         <size>0x7c</size>
         <input_file_ref idref="fl-ce"/>
      </object_component>
      <object_component id="oc-88">
         <name>.text</name>
         <load_address>0x200098e4</load_address>
         <run_address>0x200098e4</run_address>
         <size>0x7a</size>
         <input_file_ref idref="fl-e2"/>
      </object_component>
      <object_component id="oc-1a1">
         <name>.text:malloc</name>
         <load_address>0x20009960</load_address>
         <run_address>0x20009960</run_address>
         <size>0x78</size>
         <input_file_ref idref="fl-df"/>
      </object_component>
      <object_component id="oc-177">
         <name>.text:UARTConfigSetExpClk</name>
         <load_address>0x200099d8</load_address>
         <run_address>0x200099d8</run_address>
         <size>0x76</size>
         <input_file_ref idref="fl-d0"/>
      </object_component>
      <object_component id="oc-3b0">
         <name>.text:_mcpy</name>
         <load_address>0x20009a4e</load_address>
         <run_address>0x20009a4e</run_address>
         <size>0x6e</size>
         <input_file_ref idref="fl-e5"/>
      </object_component>
      <object_component id="oc-12">
         <name>.text:decompress:lzss:__TI_decompress_lzss</name>
         <load_address>0x20009abc</load_address>
         <run_address>0x20009abc</run_address>
         <size>0x68</size>
         <input_file_ref idref="fl-d2"/>
      </object_component>
      <object_component id="oc-110">
         <name>.text:SDHostSetExpClk</name>
         <load_address>0x20009b24</load_address>
         <run_address>0x20009b24</run_address>
         <size>0x66</size>
         <input_file_ref idref="fl-ce"/>
      </object_component>
      <object_component id="oc-3c5">
         <name>.text:frexp</name>
         <load_address>0x20009b8c</load_address>
         <run_address>0x20009b8c</run_address>
         <size>0x64</size>
         <input_file_ref idref="fl-ef"/>
      </object_component>
      <object_component id="oc-fe">
         <name>.text:PRCMPeripheralReset</name>
         <load_address>0x20009bf0</load_address>
         <run_address>0x20009bf0</run_address>
         <size>0x58</size>
         <input_file_ref idref="fl-cb"/>
      </object_component>
      <object_component id="oc-325">
         <name>.text:_pconv_f</name>
         <load_address>0x20009c48</load_address>
         <run_address>0x20009c48</run_address>
         <size>0x56</size>
         <input_file_ref idref="fl-e5"/>
      </object_component>
      <object_component id="oc-39a">
         <name>.text:ltoa</name>
         <load_address>0x20009c9e</load_address>
         <run_address>0x20009c9e</run_address>
         <size>0x54</size>
         <input_file_ref idref="fl-f2"/>
      </object_component>
      <object_component id="oc-e6">
         <name>.text</name>
         <load_address>0x20009cf2</load_address>
         <run_address>0x20009cf2</run_address>
         <size>0x54</size>
         <input_file_ref idref="fl-9"/>
      </object_component>
      <object_component id="oc-3aa">
         <name>.text:_ecpy</name>
         <load_address>0x20009d46</load_address>
         <run_address>0x20009d46</run_address>
         <size>0x52</size>
         <input_file_ref idref="fl-e5"/>
      </object_component>
      <object_component id="oc-30e">
         <name>.text:atoi</name>
         <load_address>0x20009d98</load_address>
         <run_address>0x20009d98</run_address>
         <size>0x4c</size>
         <input_file_ref idref="fl-ed"/>
      </object_component>
      <object_component id="oc-395">
         <name>.text</name>
         <load_address>0x20009de4</load_address>
         <run_address>0x20009de4</run_address>
         <size>0x48</size>
         <input_file_ref idref="fl-e7"/>
      </object_component>
      <object_component id="oc-135">
         <name>.text:__TI_auto_init_nobinit_nopinit:__TI_auto_init_nobinit_nopinit</name>
         <load_address>0x20009e2c</load_address>
         <run_address>0x20009e2c</run_address>
         <size>0x44</size>
         <input_file_ref idref="fl-d8"/>
      </object_component>
      <object_component id="oc-2c4">
         <name>.text:PinModeSet</name>
         <load_address>0x20009e70</load_address>
         <run_address>0x20009e70</run_address>
         <size>0x40</size>
         <input_file_ref idref="fl-cd"/>
      </object_component>
      <object_component id="oc-183">
         <name>.text:vsnprintf</name>
         <load_address>0x20009eb0</load_address>
         <run_address>0x20009eb0</run_address>
         <size>0x40</size>
         <input_file_ref idref="fl-e4"/>
      </object_component>
      <object_component id="oc-22a">
         <name>.text:SDHostCmdSend</name>
         <load_address>0x20009ef0</load_address>
         <run_address>0x20009ef0</run_address>
         <size>0x3e</size>
         <input_file_ref idref="fl-ce"/>
      </object_component>
      <object_component id="oc-3bd">
         <name>.text:_fcpy</name>
         <load_address>0x20009f2e</load_address>
         <run_address>0x20009f2e</run_address>
         <size>0x3e</size>
         <input_file_ref idref="fl-e5"/>
      </object_component>
      <object_component id="oc-f8">
         <name>.text:PRCMPeripheralClkEnable</name>
         <load_address>0x20009f6c</load_address>
         <run_address>0x20009f6c</run_address>
         <size>0x3c</size>
         <input_file_ref idref="fl-cb"/>
      </object_component>
      <object_component id="oc-ec">
         <name>.text:PinDirModeSet</name>
         <load_address>0x20009fa8</load_address>
         <run_address>0x20009fa8</run_address>
         <size>0x3c</size>
         <input_file_ref idref="fl-cd"/>
      </object_component>
      <object_component id="oc-2a0">
         <name>.text:minsert</name>
         <load_address>0x20009fe4</load_address>
         <run_address>0x20009fe4</run_address>
         <size>0x3c</size>
         <input_file_ref idref="fl-df"/>
      </object_component>
      <object_component id="oc-58">
         <name>.text:_c_int00_noargs:_c_int00_noargs</name>
         <load_address>0x2000a020</load_address>
         <run_address>0x2000a020</run_address>
         <size>0x38</size>
         <input_file_ref idref="fl-d7"/>
      </object_component>
      <object_component id="oc-294">
         <name>.text:minit</name>
         <load_address>0x2000a058</load_address>
         <run_address>0x2000a058</run_address>
         <size>0x38</size>
         <input_file_ref idref="fl-df"/>
      </object_component>
      <object_component id="oc-23c">
         <name>.text:SDHostRespGet</name>
         <load_address>0x2000a090</load_address>
         <run_address>0x2000a090</run_address>
         <size>0x34</size>
         <input_file_ref idref="fl-ce"/>
      </object_component>
      <object_component id="oc-262">
         <name>.text:UARTDisable</name>
         <load_address>0x2000a0c4</load_address>
         <run_address>0x2000a0c4</run_address>
         <size>0x30</size>
         <input_file_ref idref="fl-d0"/>
      </object_component>
      <object_component id="oc-276">
         <name>.text:_outs</name>
         <load_address>0x2000a0f4</load_address>
         <run_address>0x2000a0f4</run_address>
         <size>0x30</size>
         <input_file_ref idref="fl-e4"/>
      </object_component>
      <object_component id="oc-3a0">
         <name>.text</name>
         <load_address>0x2000a124</load_address>
         <run_address>0x2000a124</run_address>
         <size>0x2e</size>
         <input_file_ref idref="fl-ec"/>
      </object_component>
      <object_component id="oc-1ce">
         <name>.text:PRCMSysResetCauseGet</name>
         <load_address>0x2000a154</load_address>
         <run_address>0x2000a154</run_address>
         <size>0x2c</size>
         <input_file_ref idref="fl-cb"/>
      </object_component>
      <object_component id="oc-230">
         <name>.text:SDHostIntStatus</name>
         <load_address>0x2000a180</load_address>
         <run_address>0x2000a180</run_address>
         <size>0x2c</size>
         <input_file_ref idref="fl-ce"/>
      </object_component>
      <object_component id="oc-1e0">
         <name>.text:PRCMPeripheralClkDisable</name>
         <load_address>0x2000a1ac</load_address>
         <run_address>0x2000a1ac</run_address>
         <size>0x28</size>
         <input_file_ref idref="fl-cb"/>
      </object_component>
      <object_component id="oc-243">
         <name>.text:SDHostBlockSizeSet</name>
         <load_address>0x2000a1d4</load_address>
         <run_address>0x2000a1d4</run_address>
         <size>0x28</size>
         <input_file_ref idref="fl-ce"/>
      </object_component>
      <object_component id="oc-29a">
         <name>.text:mremove</name>
         <load_address>0x2000a1fc</load_address>
         <run_address>0x2000a1fc</run_address>
         <size>0x28</size>
         <input_file_ref idref="fl-df"/>
      </object_component>
      <object_component id="oc-249">
         <name>.text:SDHostBlockCountSet</name>
         <load_address>0x2000a224</load_address>
         <run_address>0x2000a224</run_address>
         <size>0x26</size>
         <input_file_ref idref="fl-ce"/>
      </object_component>
      <object_component id="oc-224">
         <name>.text:SDHostIntClear</name>
         <load_address>0x2000a24c</load_address>
         <run_address>0x2000a24c</run_address>
         <size>0x24</size>
         <input_file_ref idref="fl-ce"/>
      </object_component>
      <object_component id="oc-268">
         <name>.text:UARTEnable</name>
         <load_address>0x2000a270</load_address>
         <run_address>0x2000a270</run_address>
         <size>0x24</size>
         <input_file_ref idref="fl-d0"/>
      </object_component>
      <object_component id="oc-19b">
         <name>.text:memmove</name>
         <load_address>0x2000a294</load_address>
         <run_address>0x2000a294</run_address>
         <size>0x24</size>
         <input_file_ref idref="fl-e1"/>
      </object_component>
      <object_component id="oc-236">
         <name>.text:SDHostCmdReset</name>
         <load_address>0x2000a2b8</load_address>
         <run_address>0x2000a2b8</run_address>
         <size>0x22</size>
         <input_file_ref idref="fl-ce"/>
      </object_component>
      <object_component id="oc-24f">
         <name>.text:SDHostDataRead</name>
         <load_address>0x2000a2da</load_address>
         <run_address>0x2000a2da</run_address>
         <size>0x20</size>
         <input_file_ref idref="fl-ce"/>
      </object_component>
      <object_component id="oc-258">
         <name>.text:SDHostDataWrite</name>
         <load_address>0x2000a2fa</load_address>
         <run_address>0x2000a2fa</run_address>
         <size>0x1e</size>
         <input_file_ref idref="fl-ce"/>
      </object_component>
      <object_component id="oc-17d">
         <name>.text:UARTCharPut</name>
         <load_address>0x2000a318</load_address>
         <run_address>0x2000a318</run_address>
         <size>0x1e</size>
         <input_file_ref idref="fl-d0"/>
      </object_component>
      <object_component id="oc-18f">
         <name>.text:UARTCharGetNonBlocking</name>
         <load_address>0x2000a336</load_address>
         <run_address>0x2000a336</run_address>
         <size>0x1c</size>
         <input_file_ref idref="fl-d0"/>
      </object_component>
      <object_component id="oc-337">
         <name>.text:memccpy</name>
         <load_address>0x2000a352</load_address>
         <run_address>0x2000a352</run_address>
         <size>0x1c</size>
         <input_file_ref idref="fl-f3"/>
      </object_component>
      <object_component id="oc-1ed">
         <name>.text:PinTypeSDHost</name>
         <load_address>0x2000a36e</load_address>
         <run_address>0x2000a36e</run_address>
         <size>0x1a</size>
         <input_file_ref idref="fl-cd"/>
      </object_component>
      <object_component id="oc-1e7">
         <name>.text:PinTypeUART</name>
         <load_address>0x2000a388</load_address>
         <run_address>0x2000a388</run_address>
         <size>0x1a</size>
         <input_file_ref idref="fl-cd"/>
      </object_component>
      <object_component id="oc-189">
         <name>.text:UARTCharsAvail</name>
         <load_address>0x2000a3a2</load_address>
         <run_address>0x2000a3a2</run_address>
         <size>0x18</size>
         <input_file_ref idref="fl-d0"/>
      </object_component>
      <object_component id="oc-27c">
         <name>.text:_outc</name>
         <load_address>0x2000a3ba</load_address>
         <run_address>0x2000a3ba</run_address>
         <size>0x18</size>
         <input_file_ref idref="fl-e4"/>
      </object_component>
      <object_component id="oc-1d4">
         <name>.text:PRCMHIBRegRead</name>
         <load_address>0x2000a3d2</load_address>
         <run_address>0x2000a3d2</run_address>
         <size>0x16</size>
         <input_file_ref idref="fl-cb"/>
      </object_component>
      <object_component id="oc-1da">
         <name>.text:PRCMHIBRegWrite</name>
         <load_address>0x2000a3e8</load_address>
         <run_address>0x2000a3e8</run_address>
         <size>0x16</size>
         <input_file_ref idref="fl-cb"/>
      </object_component>
      <object_component id="oc-3d1">
         <name>.text:strchr</name>
         <load_address>0x2000a3fe</load_address>
         <run_address>0x2000a3fe</run_address>
         <size>0x16</size>
         <input_file_ref idref="fl-f4"/>
      </object_component>
      <object_component id="oc-1c3">
         <name>.text:CPUcpsie</name>
         <load_address>0x2000a414</load_address>
         <run_address>0x2000a414</run_address>
         <size>0x14</size>
         <input_file_ref idref="fl-ca"/>
      </object_component>
      <object_component id="oc-ce">
         <name>.text:IntVTableBaseSet</name>
         <load_address>0x2000a428</load_address>
         <run_address>0x2000a428</run_address>
         <size>0x14</size>
         <input_file_ref idref="fl-c9"/>
      </object_component>
      <object_component id="oc-410">
         <name>.text:copysign</name>
         <load_address>0x2000a43c</load_address>
         <run_address>0x2000a43c</run_address>
         <size>0x14</size>
         <input_file_ref idref="fl-f1"/>
      </object_component>
      <object_component id="oc-195">
         <name>.text:strlen</name>
         <load_address>0x2000a450</load_address>
         <run_address>0x2000a450</run_address>
         <size>0x14</size>
         <input_file_ref idref="fl-e3"/>
      </object_component>
      <object_component id="oc-46">
         <name>.text:decompress:ZI:__TI_zero_init_nomemset:__TI_zero_init_nomemset</name>
         <load_address>0x2000a464</load_address>
         <run_address>0x2000a464</run_address>
         <size>0x12</size>
         <input_file_ref idref="fl-d4"/>
      </object_component>
      <object_component id="oc-33d">
         <name>.text:wcslen</name>
         <load_address>0x2000a476</load_address>
         <run_address>0x2000a476</run_address>
         <size>0x12</size>
         <input_file_ref idref="fl-f5"/>
      </object_component>
      <object_component id="oc-18">
         <name>.text:decompress:none:__TI_decompress_none</name>
         <load_address>0x2000a488</load_address>
         <run_address>0x2000a488</run_address>
         <size>0xe</size>
         <input_file_ref idref="fl-d3"/>
      </object_component>
      <object_component id="oc-26">
         <name>.text</name>
         <load_address>0x2000a496</load_address>
         <run_address>0x2000a496</run_address>
         <size>0xe</size>
         <input_file_ref idref="fl-a"/>
      </object_component>
      <object_component id="oc-d4">
         <name>.text:IntMasterEnable</name>
         <load_address>0x2000a4a4</load_address>
         <run_address>0x2000a4a4</run_address>
         <size>0xa</size>
         <input_file_ref idref="fl-c9"/>
      </object_component>
      <object_component id="oc-343">
         <name>.text:__aeabi_errno_addr</name>
         <load_address>0x2000a4b0</load_address>
         <run_address>0x2000a4b0</run_address>
         <size>0x8</size>
         <input_file_ref idref="fl-eb"/>
      </object_component>
      <object_component id="oc-242">
         <name>.text:UtilsDelay</name>
         <load_address>0x2000a4b8</load_address>
         <run_address>0x2000a4b8</run_address>
         <size>0x6</size>
         <input_file_ref idref="fl-d1"/>
      </object_component>
      <object_component id="oc-8e">
         <name>.text:_system_pre_init</name>
         <load_address>0x2000a4be</load_address>
         <run_address>0x2000a4be</run_address>
         <size>0x4</size>
         <input_file_ref idref="fl-da"/>
      </object_component>
      <object_component id="oc-129">
         <name>.text:abort:abort</name>
         <load_address>0x2000a4c2</load_address>
         <run_address>0x2000a4c2</run_address>
         <size>0x4</size>
         <input_file_ref idref="fl-dc"/>
      </object_component>
      <object_component id="oc-37a">
         <name>.const:.string:_ctypes_</name>
         <load_address>0x2000a4c8</load_address>
         <run_address>0x2000a4c8</run_address>
         <size>0x101</size>
         <input_file_ref idref="fl-ee"/>
      </object_component>
      <object_component id="oc-1f4">
         <name>.const:g_ulPinToPadMap</name>
         <load_address>0x2000a5cc</load_address>
         <run_address>0x2000a5cc</run_address>
         <size>0x100</size>
         <input_file_ref idref="fl-cd"/>
      </object_component>
      <object_component id="oc-1f9">
         <name>.const:PRCM_PeriphRegsList</name>
         <load_address>0x2000a6cc</load_address>
         <run_address>0x2000a6cc</run_address>
         <size>0xa8</size>
         <input_file_ref idref="fl-cb"/>
      </object_component>
      <object_component id="oc-1ca">
         <name>.const:g_pulEnRegs</name>
         <load_address>0x2000a774</load_address>
         <run_address>0x2000a774</run_address>
         <size>0x18</size>
         <input_file_ref idref="fl-c9"/>
      </object_component>
      <object_component id="oc-466">
         <name>.cinit..data.load</name>
         <load_address>0x2000a790</load_address>
         <run_address>0x2000a790</run_address>
         <size>0x1d</size>
      </object_component>
      <object_component id="oc-464">
         <name>__TI_handler_table</name>
         <load_address>0x2000a7b0</load_address>
         <run_address>0x2000a7b0</run_address>
         <size>0xc</size>
      </object_component>
      <object_component id="oc-467">
         <name>.cinit..bss.load</name>
         <load_address>0x2000a7c0</load_address>
         <run_address>0x2000a7c0</run_address>
         <size>0x8</size>
      </object_component>
      <object_component id="oc-465">
         <name>__TI_cinit_table</name>
         <load_address>0x2000a7c8</load_address>
         <run_address>0x2000a7c8</run_address>
         <size>0x10</size>
      </object_component>
      <object_component id="oc-255">
         <name>.data:g_sDisk</name>
         <load_address>0x20017800</load_address>
         <run_address>0x20017800</run_address>
         <size>0x18</size>
         <input_file_ref idref="fl-4"/>
      </object_component>
      <object_component id="oc-208">
         <name>.data:$O1$$</name>
         <load_address>0x20017824</load_address>
         <run_address>0x20017824</run_address>
         <size>0x8</size>
         <input_file_ref idref="fl-dd"/>
      </object_component>
      <object_component id="oc-2a6">
         <name>.data:$O1$$</name>
         <load_address>0x20017818</load_address>
         <run_address>0x20017818</run_address>
         <size>0xc</size>
         <input_file_ref idref="fl-df"/>
      </object_component>
      <object_component id="oc-3e1">
         <name>.data</name>
         <load_address>0x2001782c</load_address>
         <run_address>0x2001782c</run_address>
         <size>0x4</size>
         <input_file_ref idref="fl-eb"/>
      </object_component>
      <object_component id="oc-1b3">
         <name>.bss</name>
         <uninitialized>true</uninitialized>
         <run_address>0x20017830</run_address>
         <size>0x4</size>
         <input_file_ref idref="fl-b"/>
      </object_component>
      <object_component id="oc-116">
         <name>.common:pBuffer</name>
         <uninitialized>true</uninitialized>
         <run_address>0x20017838</run_address>
         <size>0x4</size>
      </object_component>
      <object_component id="oc-16d">
         <name>.common:FatFs</name>
         <uninitialized>true</uninitialized>
         <run_address>0x20017834</run_address>
         <size>0x4</size>
      </object_component>
      <object_component id="oc-170">
         <name>.common:Fsid</name>
         <uninitialized>true</uninitialized>
         <run_address>0x2001783c</run_address>
         <size>0x2</size>
      </object_component>
      <object_component id="oc-23">
         <name>.sysmem</name>
         <uninitialized>true</uninitialized>
         <run_address>0x20017000</run_address>
         <size>0x8</size>
         <input_file_ref idref="fl-df"/>
      </object_component>
      <object_component id="oc-469">
         <name>.sysmem</name>
         <uninitialized>true</uninitialized>
         <run_address>0x20017000</run_address>
         <size>0x0</size>
      </object_component>
      <object_component id="oc-20">
         <name>.stack</name>
         <uninitialized>true</uninitialized>
         <run_address>0x2002f000</run_address>
         <size>0x4</size>
         <input_file_ref idref="fl-d7"/>
      </object_component>
      <object_component id="oc-468">
         <name>.stack</name>
         <uninitialized>true</uninitialized>
         <run_address>0x2002f000</run_address>
         <size>0x0</size>
      </object_component>
      <object_component id="oc-35">
         <name>.debug_info</name>
         <load_address>0x0</load_address>
         <run_address>0x0</run_address>
         <size>0x84</size>
         <input_file_ref idref="fl-2"/>
      </object_component>
      <object_component id="oc-11f">
         <name>.debug_info</name>
         <load_address>0x84</load_address>
         <run_address>0x84</run_address>
         <size>0x2c</size>
         <input_file_ref idref="fl-2"/>
      </object_component>
      <object_component id="oc-25f">
         <name>.debug_info</name>
         <load_address>0xb0</load_address>
         <run_address>0xb0</run_address>
         <size>0x47e</size>
         <input_file_ref idref="fl-4"/>
      </object_component>
      <object_component id="oc-256">
         <name>.debug_info</name>
         <load_address>0x52e</load_address>
         <run_address>0x52e</run_address>
         <size>0xcb</size>
         <input_file_ref idref="fl-4"/>
      </object_component>
      <object_component id="oc-168">
         <name>.debug_info</name>
         <load_address>0x5f9</load_address>
         <run_address>0x5f9</run_address>
         <size>0xbc5</size>
         <input_file_ref idref="fl-4"/>
      </object_component>
      <object_component id="oc-172">
         <name>.debug_info</name>
         <load_address>0x11be</load_address>
         <run_address>0x11be</run_address>
         <size>0x70</size>
         <input_file_ref idref="fl-4"/>
      </object_component>
      <object_component id="oc-304">
         <name>.debug_info</name>
         <load_address>0x122e</load_address>
         <run_address>0x122e</run_address>
         <size>0xc2</size>
         <input_file_ref idref="fl-4"/>
      </object_component>
      <object_component id="oc-124">
         <name>.debug_info</name>
         <load_address>0x12f0</load_address>
         <run_address>0x12f0</run_address>
         <size>0x87</size>
         <input_file_ref idref="fl-4"/>
      </object_component>
      <object_component id="oc-2ba">
         <name>.debug_info</name>
         <load_address>0x1377</load_address>
         <run_address>0x1377</run_address>
         <size>0x4a4</size>
         <input_file_ref idref="fl-5"/>
      </object_component>
      <object_component id="oc-2b0">
         <name>.debug_info</name>
         <load_address>0x181b</load_address>
         <run_address>0x181b</run_address>
         <size>0x26b</size>
         <input_file_ref idref="fl-5"/>
      </object_component>
      <object_component id="oc-1bd">
         <name>.debug_info</name>
         <load_address>0x1a86</load_address>
         <run_address>0x1a86</run_address>
         <size>0x110</size>
         <input_file_ref idref="fl-5"/>
      </object_component>
      <object_component id="oc-2b5">
         <name>.debug_info</name>
         <load_address>0x1b96</load_address>
         <run_address>0x1b96</run_address>
         <size>0x297</size>
         <input_file_ref idref="fl-5"/>
      </object_component>
      <object_component id="oc-1b8">
         <name>.debug_info</name>
         <load_address>0x1e2d</load_address>
         <run_address>0x1e2d</run_address>
         <size>0x2c</size>
         <input_file_ref idref="fl-5"/>
      </object_component>
      <object_component id="oc-117">
         <name>.debug_info</name>
         <load_address>0x1e59</load_address>
         <run_address>0x1e59</run_address>
         <size>0x717</size>
         <input_file_ref idref="fl-7"/>
      </object_component>
      <object_component id="oc-95">
         <name>.debug_info</name>
         <load_address>0x2570</load_address>
         <run_address>0x2570</run_address>
         <size>0x50e</size>
         <input_file_ref idref="fl-7"/>
      </object_component>
      <object_component id="oc-11a">
         <name>.debug_info</name>
         <load_address>0x2a7e</load_address>
         <run_address>0x2a7e</run_address>
         <size>0x4b1</size>
         <input_file_ref idref="fl-7"/>
      </object_component>
      <object_component id="oc-2d3">
         <name>.debug_info</name>
         <load_address>0x2f2f</load_address>
         <run_address>0x2f2f</run_address>
         <size>0x62</size>
         <input_file_ref idref="fl-7"/>
      </object_component>
      <object_component id="oc-b9">
         <name>.debug_info</name>
         <load_address>0x2f91</load_address>
         <run_address>0x2f91</run_address>
         <size>0x2c</size>
         <input_file_ref idref="fl-7"/>
      </object_component>
      <object_component id="oc-e7">
         <name>.debug_info</name>
         <load_address>0x2fbd</load_address>
         <run_address>0x2fbd</run_address>
         <size>0x1c6</size>
         <input_file_ref idref="fl-9"/>
      </object_component>
      <object_component id="oc-2e">
         <name>.debug_info</name>
         <load_address>0x3183</load_address>
         <run_address>0x3183</run_address>
         <size>0x2b7</size>
         <input_file_ref idref="fl-a"/>
      </object_component>
      <object_component id="oc-10">
         <name>.debug_info</name>
         <load_address>0x343a</load_address>
         <run_address>0x343a</run_address>
         <size>0x108</size>
         <input_file_ref idref="fl-a"/>
      </object_component>
      <object_component id="oc-27">
         <name>.debug_info</name>
         <load_address>0x3542</load_address>
         <run_address>0x3542</run_address>
         <size>0x429</size>
         <input_file_ref idref="fl-a"/>
      </object_component>
      <object_component id="oc-1b7">
         <name>.debug_info</name>
         <load_address>0x396b</load_address>
         <run_address>0x396b</run_address>
         <size>0x4fc</size>
         <input_file_ref idref="fl-b"/>
      </object_component>
      <object_component id="oc-1b4">
         <name>.debug_info</name>
         <load_address>0x3e67</load_address>
         <run_address>0x3e67</run_address>
         <size>0xff</size>
         <input_file_ref idref="fl-b"/>
      </object_component>
      <object_component id="oc-c9">
         <name>.debug_info</name>
         <load_address>0x3f66</load_address>
         <run_address>0x3f66</run_address>
         <size>0x8db</size>
         <input_file_ref idref="fl-b"/>
      </object_component>
      <object_component id="oc-2bf">
         <name>.debug_info</name>
         <load_address>0x4841</load_address>
         <run_address>0x4841</run_address>
         <size>0x212</size>
         <input_file_ref idref="fl-c9"/>
      </object_component>
      <object_component id="oc-1cb">
         <name>.debug_info</name>
         <load_address>0x4a53</load_address>
         <run_address>0x4a53</run_address>
         <size>0x105</size>
         <input_file_ref idref="fl-c9"/>
      </object_component>
      <object_component id="oc-d5">
         <name>.debug_info</name>
         <load_address>0x4b58</load_address>
         <run_address>0x4b58</run_address>
         <size>0x1a5</size>
         <input_file_ref idref="fl-c9"/>
      </object_component>
      <object_component id="oc-cf">
         <name>.debug_info</name>
         <load_address>0x4cfd</load_address>
         <run_address>0x4cfd</run_address>
         <size>0x1d7</size>
         <input_file_ref idref="fl-c9"/>
      </object_component>
      <object_component id="oc-db">
         <name>.debug_info</name>
         <load_address>0x4ed4</load_address>
         <run_address>0x4ed4</run_address>
         <size>0x1c8</size>
         <input_file_ref idref="fl-c9"/>
      </object_component>
      <object_component id="oc-1c5">
         <name>.debug_info</name>
         <load_address>0x509c</load_address>
         <run_address>0x509c</run_address>
         <size>0x177</size>
         <input_file_ref idref="fl-ca"/>
      </object_component>
      <object_component id="oc-1fe">
         <name>.debug_info</name>
         <load_address>0x5213</load_address>
         <run_address>0x5213</run_address>
         <size>0x26f</size>
         <input_file_ref idref="fl-cb"/>
      </object_component>
      <object_component id="oc-1fa">
         <name>.debug_info</name>
         <load_address>0x5482</load_address>
         <run_address>0x5482</run_address>
         <size>0x110</size>
         <input_file_ref idref="fl-cb"/>
      </object_component>
      <object_component id="oc-1cf">
         <name>.debug_info</name>
         <load_address>0x5592</load_address>
         <run_address>0x5592</run_address>
         <size>0x1cf</size>
         <input_file_ref idref="fl-cb"/>
      </object_component>
      <object_component id="oc-f9">
         <name>.debug_info</name>
         <load_address>0x5761</load_address>
         <run_address>0x5761</run_address>
         <size>0x214</size>
         <input_file_ref idref="fl-cb"/>
      </object_component>
      <object_component id="oc-1e1">
         <name>.debug_info</name>
         <load_address>0x5975</load_address>
         <run_address>0x5975</run_address>
         <size>0x216</size>
         <input_file_ref idref="fl-cb"/>
      </object_component>
      <object_component id="oc-10b">
         <name>.debug_info</name>
         <load_address>0x5b8b</load_address>
         <run_address>0x5b8b</run_address>
         <size>0x23f</size>
         <input_file_ref idref="fl-cb"/>
      </object_component>
      <object_component id="oc-ff">
         <name>.debug_info</name>
         <load_address>0x5dca</load_address>
         <run_address>0x5dca</run_address>
         <size>0x1e9</size>
         <input_file_ref idref="fl-cb"/>
      </object_component>
      <object_component id="oc-e1">
         <name>.debug_info</name>
         <load_address>0x5fb3</load_address>
         <run_address>0x5fb3</run_address>
         <size>0x2ac</size>
         <input_file_ref idref="fl-cb"/>
      </object_component>
      <object_component id="oc-1d5">
         <name>.debug_info</name>
         <load_address>0x625f</load_address>
         <run_address>0x625f</run_address>
         <size>0x1e8</size>
         <input_file_ref idref="fl-cb"/>
      </object_component>
      <object_component id="oc-1db">
         <name>.debug_info</name>
         <load_address>0x6447</load_address>
         <run_address>0x6447</run_address>
         <size>0x1fd</size>
         <input_file_ref idref="fl-cb"/>
      </object_component>
      <object_component id="oc-2ce">
         <name>.debug_info</name>
         <load_address>0x6644</load_address>
         <run_address>0x6644</run_address>
         <size>0x15f</size>
         <input_file_ref idref="fl-cd"/>
      </object_component>
      <object_component id="oc-1f5">
         <name>.debug_info</name>
         <load_address>0x67a3</load_address>
         <run_address>0x67a3</run_address>
         <size>0x107</size>
         <input_file_ref idref="fl-cd"/>
      </object_component>
      <object_component id="oc-2c5">
         <name>.debug_info</name>
         <load_address>0x68aa</load_address>
         <run_address>0x68aa</run_address>
         <size>0x1e8</size>
         <input_file_ref idref="fl-cd"/>
      </object_component>
      <object_component id="oc-ed">
         <name>.debug_info</name>
         <load_address>0x6a92</load_address>
         <run_address>0x6a92</run_address>
         <size>0x1e6</size>
         <input_file_ref idref="fl-cd"/>
      </object_component>
      <object_component id="oc-f4">
         <name>.debug_info</name>
         <load_address>0x6c78</load_address>
         <run_address>0x6c78</run_address>
         <size>0x236</size>
         <input_file_ref idref="fl-cd"/>
      </object_component>
      <object_component id="oc-1e8">
         <name>.debug_info</name>
         <load_address>0x6eae</load_address>
         <run_address>0x6eae</run_address>
         <size>0x1fd</size>
         <input_file_ref idref="fl-cd"/>
      </object_component>
      <object_component id="oc-1ee">
         <name>.debug_info</name>
         <load_address>0x70ab</load_address>
         <run_address>0x70ab</run_address>
         <size>0x201</size>
         <input_file_ref idref="fl-cd"/>
      </object_component>
      <object_component id="oc-2fe">
         <name>.debug_info</name>
         <load_address>0x72ac</load_address>
         <run_address>0x72ac</run_address>
         <size>0x1f9</size>
         <input_file_ref idref="fl-ce"/>
      </object_component>
      <object_component id="oc-105">
         <name>.debug_info</name>
         <load_address>0x74a5</load_address>
         <run_address>0x74a5</run_address>
         <size>0x1aa</size>
         <input_file_ref idref="fl-ce"/>
      </object_component>
      <object_component id="oc-237">
         <name>.debug_info</name>
         <load_address>0x764f</load_address>
         <run_address>0x764f</run_address>
         <size>0x1b2</size>
         <input_file_ref idref="fl-ce"/>
      </object_component>
      <object_component id="oc-22b">
         <name>.debug_info</name>
         <load_address>0x7801</load_address>
         <run_address>0x7801</run_address>
         <size>0x202</size>
         <input_file_ref idref="fl-ce"/>
      </object_component>
      <object_component id="oc-259">
         <name>.debug_info</name>
         <load_address>0x7a03</load_address>
         <run_address>0x7a03</run_address>
         <size>0x1e2</size>
         <input_file_ref idref="fl-ce"/>
      </object_component>
      <object_component id="oc-250">
         <name>.debug_info</name>
         <load_address>0x7be5</load_address>
         <run_address>0x7be5</run_address>
         <size>0x1e4</size>
         <input_file_ref idref="fl-ce"/>
      </object_component>
      <object_component id="oc-232">
         <name>.debug_info</name>
         <load_address>0x7dc9</load_address>
         <run_address>0x7dc9</run_address>
         <size>0x1db</size>
         <input_file_ref idref="fl-ce"/>
      </object_component>
      <object_component id="oc-226">
         <name>.debug_info</name>
         <load_address>0x7fa4</load_address>
         <run_address>0x7fa4</run_address>
         <size>0x1f0</size>
         <input_file_ref idref="fl-ce"/>
      </object_component>
      <object_component id="oc-112">
         <name>.debug_info</name>
         <load_address>0x8194</load_address>
         <run_address>0x8194</run_address>
         <size>0x241</size>
         <input_file_ref idref="fl-ce"/>
      </object_component>
      <object_component id="oc-23e">
         <name>.debug_info</name>
         <load_address>0x83d5</load_address>
         <run_address>0x83d5</run_address>
         <size>0x1ea</size>
         <input_file_ref idref="fl-ce"/>
      </object_component>
      <object_component id="oc-245">
         <name>.debug_info</name>
         <load_address>0x85bf</load_address>
         <run_address>0x85bf</run_address>
         <size>0x1f4</size>
         <input_file_ref idref="fl-ce"/>
      </object_component>
      <object_component id="oc-24b">
         <name>.debug_info</name>
         <load_address>0x87b3</load_address>
         <run_address>0x87b3</run_address>
         <size>0x214</size>
         <input_file_ref idref="fl-ce"/>
      </object_component>
      <object_component id="oc-178">
         <name>.debug_info</name>
         <load_address>0x89c7</load_address>
         <run_address>0x89c7</run_address>
         <size>0x285</size>
         <input_file_ref idref="fl-d0"/>
      </object_component>
      <object_component id="oc-269">
         <name>.debug_info</name>
         <load_address>0x8c4c</load_address>
         <run_address>0x8c4c</run_address>
         <size>0x1a7</size>
         <input_file_ref idref="fl-d0"/>
      </object_component>
      <object_component id="oc-263">
         <name>.debug_info</name>
         <load_address>0x8df3</load_address>
         <run_address>0x8df3</run_address>
         <size>0x1a9</size>
         <input_file_ref idref="fl-d0"/>
      </object_component>
      <object_component id="oc-18a">
         <name>.debug_info</name>
         <load_address>0x8f9c</load_address>
         <run_address>0x8f9c</run_address>
         <size>0x1b3</size>
         <input_file_ref idref="fl-d0"/>
      </object_component>
      <object_component id="oc-190">
         <name>.debug_info</name>
         <load_address>0x914f</load_address>
         <run_address>0x914f</run_address>
         <size>0x1c3</size>
         <input_file_ref idref="fl-d0"/>
      </object_component>
      <object_component id="oc-17e">
         <name>.debug_info</name>
         <load_address>0x9312</load_address>
         <run_address>0x9312</run_address>
         <size>0x1d4</size>
         <input_file_ref idref="fl-d0"/>
      </object_component>
      <object_component id="oc-78">
         <name>.debug_info</name>
         <load_address>0x94e6</load_address>
         <run_address>0x94e6</run_address>
         <size>0x293</size>
         <input_file_ref idref="fl-d2"/>
      </object_component>
      <object_component id="oc-13">
         <name>.debug_info</name>
         <load_address>0x9779</load_address>
         <run_address>0x9779</run_address>
         <size>0x245</size>
         <input_file_ref idref="fl-d2"/>
      </object_component>
      <object_component id="oc-30">
         <name>.debug_info</name>
         <load_address>0x99be</load_address>
         <run_address>0x99be</run_address>
         <size>0x60</size>
         <input_file_ref idref="fl-d2"/>
      </object_component>
      <object_component id="oc-b2">
         <name>.debug_info</name>
         <load_address>0x9a1e</load_address>
         <run_address>0x9a1e</run_address>
         <size>0x46</size>
         <input_file_ref idref="fl-d2"/>
      </object_component>
      <object_component id="oc-73">
         <name>.debug_info</name>
         <load_address>0x9a64</load_address>
         <run_address>0x9a64</run_address>
         <size>0x39</size>
         <input_file_ref idref="fl-d2"/>
      </object_component>
      <object_component id="oc-45">
         <name>.debug_info</name>
         <load_address>0x9a9d</load_address>
         <run_address>0x9a9d</run_address>
         <size>0x29d</size>
         <input_file_ref idref="fl-d3"/>
      </object_component>
      <object_component id="oc-19">
         <name>.debug_info</name>
         <load_address>0x9d3a</load_address>
         <run_address>0x9d3a</run_address>
         <size>0x1df</size>
         <input_file_ref idref="fl-d3"/>
      </object_component>
      <object_component id="oc-40">
         <name>.debug_info</name>
         <load_address>0x9f19</load_address>
         <run_address>0x9f19</run_address>
         <size>0x46</size>
         <input_file_ref idref="fl-d3"/>
      </object_component>
      <object_component id="oc-7a">
         <name>.debug_info</name>
         <load_address>0x9f5f</load_address>
         <run_address>0x9f5f</run_address>
         <size>0x2c</size>
         <input_file_ref idref="fl-d3"/>
      </object_component>
      <object_component id="oc-87">
         <name>.debug_info</name>
         <load_address>0x9f8b</load_address>
         <run_address>0x9f8b</run_address>
         <size>0x313</size>
         <input_file_ref idref="fl-d4"/>
      </object_component>
      <object_component id="oc-47">
         <name>.debug_info</name>
         <load_address>0xa29e</load_address>
         <run_address>0xa29e</run_address>
         <size>0x1b4</size>
         <input_file_ref idref="fl-d4"/>
      </object_component>
      <object_component id="oc-82">
         <name>.debug_info</name>
         <load_address>0xa452</load_address>
         <run_address>0xa452</run_address>
         <size>0x46</size>
         <input_file_ref idref="fl-d4"/>
      </object_component>
      <object_component id="oc-381">
         <name>.debug_info</name>
         <load_address>0xa498</load_address>
         <run_address>0xa498</run_address>
         <size>0x12c</size>
         <input_file_ref idref="fl-d5"/>
      </object_component>
      <object_component id="oc-3f8">
         <name>.debug_info</name>
         <load_address>0xa5c4</load_address>
         <run_address>0xa5c4</run_address>
         <size>0x10d</size>
         <input_file_ref idref="fl-d6"/>
      </object_component>
      <object_component id="oc-21">
         <name>.debug_info</name>
         <load_address>0xa6d1</load_address>
         <run_address>0xa6d1</run_address>
         <size>0x100</size>
         <input_file_ref idref="fl-d7"/>
      </object_component>
      <object_component id="oc-59">
         <name>.debug_info</name>
         <load_address>0xa7d1</load_address>
         <run_address>0xa7d1</run_address>
         <size>0x1a4</size>
         <input_file_ref idref="fl-d7"/>
      </object_component>
      <object_component id="oc-20f">
         <name>.debug_info</name>
         <load_address>0xa975</load_address>
         <run_address>0xa975</run_address>
         <size>0x547</size>
         <input_file_ref idref="fl-d8"/>
      </object_component>
      <object_component id="oc-136">
         <name>.debug_info</name>
         <load_address>0xaebc</load_address>
         <run_address>0xaebc</run_address>
         <size>0x19b</size>
         <input_file_ref idref="fl-d8"/>
      </object_component>
      <object_component id="oc-2e8">
         <name>.debug_info</name>
         <load_address>0xb057</load_address>
         <run_address>0xb057</run_address>
         <size>0x39</size>
         <input_file_ref idref="fl-d8"/>
      </object_component>
      <object_component id="oc-36c">
         <name>.debug_info</name>
         <load_address>0xb090</load_address>
         <run_address>0xb090</run_address>
         <size>0x39</size>
         <input_file_ref idref="fl-d8"/>
      </object_component>
      <object_component id="oc-2ed">
         <name>.debug_info</name>
         <load_address>0xb0c9</load_address>
         <run_address>0xb0c9</run_address>
         <size>0x39</size>
         <input_file_ref idref="fl-d8"/>
      </object_component>
      <object_component id="oc-2f2">
         <name>.debug_info</name>
         <load_address>0xb102</load_address>
         <run_address>0xb102</run_address>
         <size>0xcd</size>
         <input_file_ref idref="fl-d8"/>
      </object_component>
      <object_component id="oc-8f">
         <name>.debug_info</name>
         <load_address>0xb1cf</load_address>
         <run_address>0xb1cf</run_address>
         <size>0x148</size>
         <input_file_ref idref="fl-da"/>
      </object_component>
      <object_component id="oc-12d">
         <name>.debug_info</name>
         <load_address>0xb317</load_address>
         <run_address>0xb317</run_address>
         <size>0x117</size>
         <input_file_ref idref="fl-dc"/>
      </object_component>
      <object_component id="oc-2e2">
         <name>.debug_info</name>
         <load_address>0xb42e</load_address>
         <run_address>0xb42e</run_address>
         <size>0x2be</size>
         <input_file_ref idref="fl-dd"/>
      </object_component>
      <object_component id="oc-209">
         <name>.debug_info</name>
         <load_address>0xb6ec</load_address>
         <run_address>0xb6ec</run_address>
         <size>0x113</size>
         <input_file_ref idref="fl-dd"/>
      </object_component>
      <object_component id="oc-2db">
         <name>.debug_info</name>
         <load_address>0xb7ff</load_address>
         <run_address>0xb7ff</run_address>
         <size>0x123</size>
         <input_file_ref idref="fl-dd"/>
      </object_component>
      <object_component id="oc-16e">
         <name>.debug_info</name>
         <load_address>0xb922</load_address>
         <run_address>0xb922</run_address>
         <size>0x35a</size>
         <input_file_ref idref="fl-de"/>
      </object_component>
      <object_component id="oc-c3">
         <name>.debug_info</name>
         <load_address>0xbc7c</load_address>
         <run_address>0xbc7c</run_address>
         <size>0x4d21</size>
         <input_file_ref idref="fl-de"/>
      </object_component>
      <object_component id="oc-6e">
         <name>.debug_info</name>
         <load_address>0x1099d</load_address>
         <run_address>0x1099d</run_address>
         <size>0x3bb</size>
         <input_file_ref idref="fl-df"/>
      </object_component>
      <object_component id="oc-24">
         <name>.debug_info</name>
         <load_address>0x10d58</load_address>
         <run_address>0x10d58</run_address>
         <size>0x101</size>
         <input_file_ref idref="fl-df"/>
      </object_component>
      <object_component id="oc-2a7">
         <name>.debug_info</name>
         <load_address>0x10e59</load_address>
         <run_address>0x10e59</run_address>
         <size>0x14c</size>
         <input_file_ref idref="fl-df"/>
      </object_component>
      <object_component id="oc-295">
         <name>.debug_info</name>
         <load_address>0x10fa5</load_address>
         <run_address>0x10fa5</run_address>
         <size>0x139</size>
         <input_file_ref idref="fl-df"/>
      </object_component>
      <object_component id="oc-29b">
         <name>.debug_info</name>
         <load_address>0x110de</load_address>
         <run_address>0x110de</run_address>
         <size>0x174</size>
         <input_file_ref idref="fl-df"/>
      </object_component>
      <object_component id="oc-2a1">
         <name>.debug_info</name>
         <load_address>0x11252</load_address>
         <run_address>0x11252</run_address>
         <size>0x172</size>
         <input_file_ref idref="fl-df"/>
      </object_component>
      <object_component id="oc-1a2">
         <name>.debug_info</name>
         <load_address>0x113c4</load_address>
         <run_address>0x113c4</run_address>
         <size>0x1db</size>
         <input_file_ref idref="fl-df"/>
      </object_component>
      <object_component id="oc-1ae">
         <name>.debug_info</name>
         <load_address>0x1159f</load_address>
         <run_address>0x1159f</run_address>
         <size>0x1e6</size>
         <input_file_ref idref="fl-df"/>
      </object_component>
      <object_component id="oc-1a8">
         <name>.debug_info</name>
         <load_address>0x11785</load_address>
         <run_address>0x11785</run_address>
         <size>0x27e</size>
         <input_file_ref idref="fl-df"/>
      </object_component>
      <object_component id="oc-a8">
         <name>.debug_info</name>
         <load_address>0x11a03</load_address>
         <run_address>0x11a03</run_address>
         <size>0x2c</size>
         <input_file_ref idref="fl-df"/>
      </object_component>
      <object_component id="oc-ad">
         <name>.debug_info</name>
         <load_address>0x11a2f</load_address>
         <run_address>0x11a2f</run_address>
         <size>0x62</size>
         <input_file_ref idref="fl-df"/>
      </object_component>
      <object_component id="oc-3c">
         <name>.debug_info</name>
         <load_address>0x11a91</load_address>
         <run_address>0x11a91</run_address>
         <size>0x111</size>
         <input_file_ref idref="fl-e0"/>
      </object_component>
      <object_component id="oc-293">
         <name>.debug_info</name>
         <load_address>0x11ba2</load_address>
         <run_address>0x11ba2</run_address>
         <size>0x29a</size>
         <input_file_ref idref="fl-e1"/>
      </object_component>
      <object_component id="oc-19c">
         <name>.debug_info</name>
         <load_address>0x11e3c</load_address>
         <run_address>0x11e3c</run_address>
         <size>0x1ab</size>
         <input_file_ref idref="fl-e1"/>
      </object_component>
      <object_component id="oc-8a">
         <name>.debug_info</name>
         <load_address>0x11fe7</load_address>
         <run_address>0x11fe7</run_address>
         <size>0x13f</size>
         <input_file_ref idref="fl-e2"/>
      </object_component>
      <object_component id="oc-291">
         <name>.debug_info</name>
         <load_address>0x12126</load_address>
         <run_address>0x12126</run_address>
         <size>0x284</size>
         <input_file_ref idref="fl-e3"/>
      </object_component>
      <object_component id="oc-196">
         <name>.debug_info</name>
         <load_address>0x123aa</load_address>
         <run_address>0x123aa</run_address>
         <size>0x22a</size>
         <input_file_ref idref="fl-e3"/>
      </object_component>
      <object_component id="oc-283">
         <name>.debug_info</name>
         <load_address>0x125d4</load_address>
         <run_address>0x125d4</run_address>
         <size>0x335</size>
         <input_file_ref idref="fl-e4"/>
      </object_component>
      <object_component id="oc-184">
         <name>.debug_info</name>
         <load_address>0x12909</load_address>
         <run_address>0x12909</run_address>
         <size>0x1fd</size>
         <input_file_ref idref="fl-e4"/>
      </object_component>
      <object_component id="oc-277">
         <name>.debug_info</name>
         <load_address>0x12b06</load_address>
         <run_address>0x12b06</run_address>
         <size>0x1bb</size>
         <input_file_ref idref="fl-e4"/>
      </object_component>
      <object_component id="oc-27d">
         <name>.debug_info</name>
         <load_address>0x12cc1</load_address>
         <run_address>0x12cc1</run_address>
         <size>0x16e</size>
         <input_file_ref idref="fl-e4"/>
      </object_component>
      <object_component id="oc-284">
         <name>.debug_info</name>
         <load_address>0x12e2f</load_address>
         <run_address>0x12e2f</run_address>
         <size>0x2c</size>
         <input_file_ref idref="fl-e4"/>
      </object_component>
      <object_component id="oc-289">
         <name>.debug_info</name>
         <load_address>0x12e5b</load_address>
         <run_address>0x12e5b</run_address>
         <size>0x69</size>
         <input_file_ref idref="fl-e4"/>
      </object_component>
      <object_component id="oc-34a">
         <name>.debug_info</name>
         <load_address>0x12ec4</load_address>
         <run_address>0x12ec4</run_address>
         <size>0x8a6</size>
         <input_file_ref idref="fl-e5"/>
      </object_component>
      <object_component id="oc-315">
         <name>.debug_info</name>
         <load_address>0x1376a</load_address>
         <run_address>0x1376a</run_address>
         <size>0x213</size>
         <input_file_ref idref="fl-e5"/>
      </object_component>
      <object_component id="oc-3ab">
         <name>.debug_info</name>
         <load_address>0x1397d</load_address>
         <run_address>0x1397d</run_address>
         <size>0x1a8</size>
         <input_file_ref idref="fl-e5"/>
      </object_component>
      <object_component id="oc-3b1">
         <name>.debug_info</name>
         <load_address>0x13b25</load_address>
         <run_address>0x13b25</run_address>
         <size>0x210</size>
         <input_file_ref idref="fl-e5"/>
      </object_component>
      <object_component id="oc-320">
         <name>.debug_info</name>
         <load_address>0x13d35</load_address>
         <run_address>0x13d35</run_address>
         <size>0x3b0</size>
         <input_file_ref idref="fl-e5"/>
      </object_component>
      <object_component id="oc-3b8">
         <name>.debug_info</name>
         <load_address>0x140e5</load_address>
         <run_address>0x140e5</run_address>
         <size>0x2fa</size>
         <input_file_ref idref="fl-e5"/>
      </object_component>
      <object_component id="oc-3be">
         <name>.debug_info</name>
         <load_address>0x143df</load_address>
         <run_address>0x143df</run_address>
         <size>0x20a</size>
         <input_file_ref idref="fl-e5"/>
      </object_component>
      <object_component id="oc-326">
         <name>.debug_info</name>
         <load_address>0x145e9</load_address>
         <run_address>0x145e9</run_address>
         <size>0x20a</size>
         <input_file_ref idref="fl-e5"/>
      </object_component>
      <object_component id="oc-32c">
         <name>.debug_info</name>
         <load_address>0x147f3</load_address>
         <run_address>0x147f3</run_address>
         <size>0x2f9</size>
         <input_file_ref idref="fl-e5"/>
      </object_component>
      <object_component id="oc-332">
         <name>.debug_info</name>
         <load_address>0x14aec</load_address>
         <run_address>0x14aec</run_address>
         <size>0x4a5</size>
         <input_file_ref idref="fl-e5"/>
      </object_component>
      <object_component id="oc-271">
         <name>.debug_info</name>
         <load_address>0x14f91</load_address>
         <run_address>0x14f91</run_address>
         <size>0x5cd</size>
         <input_file_ref idref="fl-e5"/>
      </object_component>
      <object_component id="oc-34b">
         <name>.debug_info</name>
         <load_address>0x1555e</load_address>
         <run_address>0x1555e</run_address>
         <size>0x86</size>
         <input_file_ref idref="fl-e5"/>
      </object_component>
      <object_component id="oc-3e8">
         <name>.debug_info</name>
         <load_address>0x155e4</load_address>
         <run_address>0x155e4</run_address>
         <size>0x39</size>
         <input_file_ref idref="fl-e5"/>
      </object_component>
      <object_component id="oc-427">
         <name>.debug_info</name>
         <load_address>0x1561d</load_address>
         <run_address>0x1561d</run_address>
         <size>0xb6</size>
         <input_file_ref idref="fl-e5"/>
      </object_component>
      <object_component id="oc-3ed">
         <name>.debug_info</name>
         <load_address>0x156d3</load_address>
         <run_address>0x156d3</run_address>
         <size>0x46</size>
         <input_file_ref idref="fl-e5"/>
      </object_component>
      <object_component id="oc-350">
         <name>.debug_info</name>
         <load_address>0x15719</load_address>
         <run_address>0x15719</run_address>
         <size>0x46</size>
         <input_file_ref idref="fl-e5"/>
      </object_component>
      <object_component id="oc-31b">
         <name>.debug_info</name>
         <load_address>0x1575f</load_address>
         <run_address>0x1575f</run_address>
         <size>0x120</size>
         <input_file_ref idref="fl-e6"/>
      </object_component>
      <object_component id="oc-392">
         <name>.debug_info</name>
         <load_address>0x1587f</load_address>
         <run_address>0x1587f</run_address>
         <size>0x122</size>
         <input_file_ref idref="fl-e6"/>
      </object_component>
      <object_component id="oc-396">
         <name>.debug_info</name>
         <load_address>0x159a1</load_address>
         <run_address>0x159a1</run_address>
         <size>0x126</size>
         <input_file_ref idref="fl-e7"/>
      </object_component>
      <object_component id="oc-38c">
         <name>.debug_info</name>
         <load_address>0x15ac7</load_address>
         <run_address>0x15ac7</run_address>
         <size>0x132</size>
         <input_file_ref idref="fl-e8"/>
      </object_component>
      <object_component id="oc-387">
         <name>.debug_info</name>
         <load_address>0x15bf9</load_address>
         <run_address>0x15bf9</run_address>
         <size>0x132</size>
         <input_file_ref idref="fl-e9"/>
      </object_component>
      <object_component id="oc-3a6">
         <name>.debug_info</name>
         <load_address>0x15d2b</load_address>
         <run_address>0x15d2b</run_address>
         <size>0x144</size>
         <input_file_ref idref="fl-ea"/>
      </object_component>
      <object_component id="oc-3e5">
         <name>.debug_info</name>
         <load_address>0x15e6f</load_address>
         <run_address>0x15e6f</run_address>
         <size>0x27e</size>
         <input_file_ref idref="fl-eb"/>
      </object_component>
      <object_component id="oc-3e2">
         <name>.debug_info</name>
         <load_address>0x160ed</load_address>
         <run_address>0x160ed</run_address>
         <size>0x103</size>
         <input_file_ref idref="fl-eb"/>
      </object_component>
      <object_component id="oc-344">
         <name>.debug_info</name>
         <load_address>0x161f0</load_address>
         <run_address>0x161f0</run_address>
         <size>0x143</size>
         <input_file_ref idref="fl-eb"/>
      </object_component>
      <object_component id="oc-3a2">
         <name>.debug_info</name>
         <load_address>0x16333</load_address>
         <run_address>0x16333</run_address>
         <size>0x124</size>
         <input_file_ref idref="fl-ec"/>
      </object_component>
      <object_component id="oc-37e">
         <name>.debug_info</name>
         <load_address>0x16457</load_address>
         <run_address>0x16457</run_address>
         <size>0x2ae</size>
         <input_file_ref idref="fl-ed"/>
      </object_component>
      <object_component id="oc-30f">
         <name>.debug_info</name>
         <load_address>0x16705</load_address>
         <run_address>0x16705</run_address>
         <size>0x171</size>
         <input_file_ref idref="fl-ed"/>
      </object_component>
      <object_component id="oc-3f4">
         <name>.debug_info</name>
         <load_address>0x16876</load_address>
[...]
         <value>0x200082b7</value>
         <object_component_ref idref="oc-c8"/>
      </symbol>
      <symbol id="sm-190">
         <name>Message</name>
         <value>0x20008253</value>
         <object_component_ref idref="oc-c8"/>
      </symbol>
      <symbol id="sm-191">
         <name>Report</name>
         <value>0x200083f5</value>
         <object_component_ref idref="oc-c8"/>
      </symbol>
      <symbol id="sm-192">
         <name>Error</name>
         <value>0x2000827f</value>
         <object_component_ref idref="oc-c8"/>
      </symbol>
      <symbol id="sm-193">
         <name>InitTerm</name>
         <value>0x20008235</value>
         <object_component_ref idref="oc-c8"/>
      </symbol>
      <symbol id="sm-194">
         <name>ClearTerm</name>
         <value>0x20008275</value>
         <object_component_ref idref="oc-c8"/>
      </symbol>
      <symbol id="sm-195">
         <name>TrimSpace</name>
         <value>0x2000835d</value>
         <object_component_ref idref="oc-c8"/>
      </symbol>
      <symbol id="sm-1c5">
         <name>IntVTableBaseSet</name>
         <value>0x2000a429</value>
         <object_component_ref idref="oc-ce"/>
      </symbol>
      <symbol id="sm-1c6">
         <name>IntEnable</name>
         <value>0x20009465</value>
         <object_component_ref idref="oc-da"/>
      </symbol>
      <symbol id="sm-1c7">
         <name>IntMasterEnable</name>
         <value>0x2000a4a5</value>
         <object_component_ref idref="oc-d4"/>
      </symbol>
      <symbol id="sm-1d1">
         <name>CPUcpsie</name>
         <value>0x2000a415</value>
         <object_component_ref idref="oc-1c3"/>
      </symbol>
      <symbol id="sm-257">
         <name>PRCMPeripheralReset</name>
         <value>0x20009bf1</value>
         <object_component_ref idref="oc-fe"/>
      </symbol>
      <symbol id="sm-258">
         <name>PRCMPeripheralClkEnable</name>
         <value>0x20009f6d</value>
         <object_component_ref idref="oc-f8"/>
      </symbol>
      <symbol id="sm-259">
         <name>PRCMPeripheralClockGet</name>
         <value>0x20009641</value>
         <object_component_ref idref="oc-10a"/>
      </symbol>
      <symbol id="sm-25a">
         <name>PRCMCC3200MCUInit</name>
         <value>0x20008aad</value>
         <object_component_ref idref="oc-e0"/>
      </symbol>
      <symbol id="sm-25b">
         <name>PRCMHIBRegWrite</name>
         <value>0x2000a3e9</value>
         <object_component_ref idref="oc-1da"/>
      </symbol>
      <symbol id="sm-25c">
         <name>PRCMSysResetCauseGet</name>
         <value>0x2000a155</value>
         <object_component_ref idref="oc-1ce"/>
      </symbol>
      <symbol id="sm-25d">
         <name>PRCMPeripheralClkDisable</name>
         <value>0x2000a1ad</value>
         <object_component_ref idref="oc-1e0"/>
      </symbol>
      <symbol id="sm-25e">
         <name>PRCMHIBRegRead</name>
         <value>0x2000a3d3</value>
         <object_component_ref idref="oc-1d4"/>
      </symbol>
      <symbol id="sm-29f">
         <name>PinTypeUART</name>
         <value>0x2000a389</value>
         <object_component_ref idref="oc-1e7"/>
      </symbol>
      <symbol id="sm-2a0">
         <name>PinDirModeSet</name>
         <value>0x20009fa9</value>
         <object_component_ref idref="oc-ec"/>
      </symbol>
      <symbol id="sm-2a1">
         <name>PinTypeSDHost</name>
         <value>0x2000a36f</value>
         <object_component_ref idref="oc-1ed"/>
      </symbol>
      <symbol id="sm-2a2">
         <name>PinConfigSet</name>
         <value>0x200096d5</value>
         <object_component_ref idref="oc-f2"/>
      </symbol>
      <symbol id="sm-2a3">
         <name>PinModeSet</name>
         <value>0x20009e71</value>
         <object_component_ref idref="oc-2c4"/>
      </symbol>
      <symbol id="sm-30d">
         <name>SDHostDataWrite</name>
         <value>0x2000a2fb</value>
         <object_component_ref idref="oc-258"/>
      </symbol>
      <symbol id="sm-30e">
         <name>SDHostInit</name>
         <value>0x20009869</value>
         <object_component_ref idref="oc-104"/>
      </symbol>
      <symbol id="sm-30f">
         <name>SDHostBlockSizeSet</name>
         <value>0x2000a1d5</value>
         <object_component_ref idref="oc-243"/>
      </symbol>
      <symbol id="sm-310">
         <name>SDHostIntStatus</name>
         <value>0x2000a181</value>
         <object_component_ref idref="oc-230"/>
      </symbol>
      <symbol id="sm-311">
         <name>SDHostBlockCountSet</name>
         <value>0x2000a225</value>
         <object_component_ref idref="oc-249"/>
      </symbol>
      <symbol id="sm-312">
         <name>SDHostSetExpClk</name>
         <value>0x20009b25</value>
         <object_component_ref idref="oc-110"/>
      </symbol>
      <symbol id="sm-313">
         <name>SDHostIntClear</name>
         <value>0x2000a24d</value>
         <object_component_ref idref="oc-224"/>
      </symbol>
      <symbol id="sm-314">
         <name>SDHostCmdSend</name>
         <value>0x20009ef1</value>
         <object_component_ref idref="oc-22a"/>
      </symbol>
      <symbol id="sm-315">
         <name>SDHostRespGet</name>
         <value>0x2000a091</value>
         <object_component_ref idref="oc-23c"/>
      </symbol>
      <symbol id="sm-316">
         <name>SDHostDataRead</name>
         <value>0x2000a2db</value>
         <object_component_ref idref="oc-24f"/>
      </symbol>
      <symbol id="sm-317">
         <name>SDHostCmdReset</name>
         <value>0x2000a2b9</value>
         <object_component_ref idref="oc-236"/>
      </symbol>
      <symbol id="sm-354">
         <name>UARTConfigSetExpClk</name>
         <value>0x200099d9</value>
         <object_component_ref idref="oc-177"/>
      </symbol>
      <symbol id="sm-355">
         <name>UARTDisable</name>
         <value>0x2000a0c5</value>
         <object_component_ref idref="oc-262"/>
      </symbol>
      <symbol id="sm-356">
         <name>UARTCharsAvail</name>
         <value>0x2000a3a3</value>
         <object_component_ref idref="oc-189"/>
      </symbol>
      <symbol id="sm-357">
         <name>UARTCharGetNonBlocking</name>
         <value>0x2000a337</value>
         <object_component_ref idref="oc-18f"/>
      </symbol>
      <symbol id="sm-358">
         <name>UARTCharPut</name>
         <value>0x2000a319</value>
         <object_component_ref idref="oc-17d"/>
      </symbol>
      <symbol id="sm-359">
         <name>UARTEnable</name>
         <value>0x2000a271</value>
         <object_component_ref idref="oc-268"/>
      </symbol>
      <symbol id="sm-35d">
         <name>UtilsDelay</name>
         <value>0x2000a4b9</value>
         <object_component_ref idref="oc-242"/>
      </symbol>
      <symbol id="sm-380">
         <name>__TI_decompress_lzss</name>
         <value>0x20009abd</value>
         <object_component_ref idref="oc-12"/>
      </symbol>
      <symbol id="sm-397">
         <name>__TI_decompress_none</name>
         <value>0x2000a489</value>
         <object_component_ref idref="oc-18"/>
      </symbol>
      <symbol id="sm-3ab">
         <name>__TI_zero_init_nomemset</name>
         <value>0x2000a465</value>
         <object_component_ref idref="oc-46"/>
      </symbol>
      <symbol id="sm-3b8">
         <name>__aeabi_uldivmod</name>
         <value>0x200095a9</value>
         <object_component_ref idref="oc-37f"/>
      </symbol>
      <symbol id="sm-3c2">
         <name>__aeabi_idiv0</name>
         <value>0x20007937</value>
         <object_component_ref idref="oc-3f7"/>
      </symbol>
      <symbol id="sm-3c3">
         <name>__aeabi_ldiv0</name>
         <value>0x20007937</value>
         <object_component_ref idref="oc-3f7"/>
      </symbol>
      <symbol id="sm-3d6">
         <name>__stack</name>
         <value>0x2002f000</value>
         <object_component_ref idref="oc-20"/>
      </symbol>
      <symbol id="sm-3d7">
         <name>_c_int00_noargs</name>
         <value>0x2000a021</value>
         <object_component_ref idref="oc-58"/>
      </symbol>
      <symbol id="sm-3ff">
         <name>__TI_auto_init_nobinit_nopinit</name>
         <value>0x20009e2d</value>
         <object_component_ref idref="oc-135"/>
      </symbol>
      <symbol id="sm-40a">
         <name>_system_pre_init</name>
         <value>0x2000a4bf</value>
         <object_component_ref idref="oc-8e"/>
      </symbol>
      <symbol id="sm-416">
         <name>C$$EXIT</name>
         <value>0x2000a4c3</value>
         <object_component_ref idref="oc-129"/>
      </symbol>
      <symbol id="sm-417">
         <name>abort</name>
         <value>0x2000a4c3</value>
         <object_component_ref idref="oc-129"/>
      </symbol>
      <symbol id="sm-42c">
         <name>_nop</name>
         <value>0x20006ed7</value>
         <object_component_ref idref="oc-2da"/>
      </symbol>
      <symbol id="sm-42d">
         <name>_lock</name>
         <value>0x20017824</value>
         <object_component_ref idref="oc-208"/>
      </symbol>
      <symbol id="sm-42e">
         <name>_unlock</name>
         <value>0x20017828</value>
         <object_component_ref idref="oc-208"/>
      </symbol>
      <symbol id="sm-606">
         <name>f_getfree</name>
         <value>0x20006703</value>
         <object_component_ref idref="oc-c2"/>
      </symbol>
      <symbol id="sm-607">
         <name>f_read</name>
         <value>0x20005d31</value>
         <object_component_ref idref="oc-c2"/>
      </symbol>
      <symbol id="sm-608">
         <name>f_unlink</name>
         <value>0x20006989</value>
         <object_component_ref idref="oc-c2"/>
      </symbol>
      <symbol id="sm-609">
         <name>f_closedir</name>
         <value>0x20006603</value>
         <object_component_ref idref="oc-c2"/>
      </symbol>
      <symbol id="sm-60a">
         <name>f_mkdir</name>
         <value>0x20006a8d</value>
         <object_component_ref idref="oc-c2"/>
      </symbol>
      <symbol id="sm-60b">
         <name>f_chmod</name>
         <value>0x20006c73</value>
         <object_component_ref idref="oc-c2"/>
      </symbol>
      <symbol id="sm-60c">
         <name>f_utime</name>
         <value>0x20006e53</value>
         <object_component_ref idref="oc-c2"/>
      </symbol>
      <symbol id="sm-60d">
         <name>f_sync</name>
         <value>0x200061fd</value>
         <object_component_ref idref="oc-c2"/>
      </symbol>
      <symbol id="sm-60e">
         <name>clust2sect</name>
         <value>0x200046b9</value>
         <object_component_ref idref="oc-c2"/>
      </symbol>
      <symbol id="sm-60f">
         <name>put_fat</name>
         <value>0x20004823</value>
         <object_component_ref idref="oc-c2"/>
      </symbol>
      <symbol id="sm-610">
         <name>f_write</name>
         <value>0x20005f6b</value>
         <object_component_ref idref="oc-c2"/>
      </symbol>
      <symbol id="sm-611">
         <name>f_opendir</name>
         <value>0x2000655b</value>
         <object_component_ref idref="oc-c2"/>
      </symbol>
      <symbol id="sm-612">
         <name>f_truncate</name>
         <value>0x20006861</value>
         <object_component_ref idref="oc-c2"/>
      </symbol>
      <symbol id="sm-613">
         <name>f_close</name>
         <value>0x200062f9</value>
         <object_component_ref idref="oc-c2"/>
      </symbol>
      <symbol id="sm-614">
         <name>f_rename</name>
         <value>0x20006d03</value>
         <object_component_ref idref="oc-c2"/>
      </symbol>
      <symbol id="sm-615">
         <name>f_open</name>
         <value>0x20005b15</value>
         <object_component_ref idref="oc-c2"/>
      </symbol>
      <symbol id="sm-616">
         <name>f_lseek</name>
         <value>0x20006329</value>
         <object_component_ref idref="oc-c2"/>
      </symbol>
      <symbol id="sm-617">
         <name>f_stat</name>
         <value>0x200066af</value>
         <object_component_ref idref="oc-c2"/>
      </symbol>
      <symbol id="sm-618">
         <name>f_mount</name>
         <value>0x20005a97</value>
         <object_component_ref idref="oc-c2"/>
      </symbol>
      <symbol id="sm-619">
         <name>f_readdir</name>
         <value>0x20006623</value>
         <object_component_ref idref="oc-c2"/>
      </symbol>
      <symbol id="sm-61a">
         <name>get_fat</name>
         <value>0x200046e9</value>
         <object_component_ref idref="oc-c2"/>
      </symbol>
      <symbol id="sm-6b0">
         <name>_sys_memory</name>
         <value>0x20017000</value>
         <object_component_ref idref="oc-23"/>
      </symbol>
      <symbol id="sm-6b1">
         <name>free</name>
         <value>0x200092d9</value>
         <object_component_ref idref="oc-1ad"/>
      </symbol>
      <symbol id="sm-6b2">
         <name>realloc</name>
         <value>0x20008fb9</value>
         <object_component_ref idref="oc-1a7"/>
      </symbol>
      <symbol id="sm-6b3">
         <name>malloc</name>
         <value>0x20009961</value>
         <object_component_ref idref="oc-1a1"/>
      </symbol>
      <symbol id="sm-6b4">
         <name>minit</name>
         <value>0x2000a059</value>
         <object_component_ref idref="oc-294"/>
      </symbol>
      <symbol id="sm-6cf">
         <name>memcpy</name>
         <value>0x2000950d</value>
         <object_component_ref idref="oc-3a"/>
      </symbol>
      <symbol id="sm-6d0">
         <name>__aeabi_memcpy</name>
         <value>0x2000950d</value>
         <object_component_ref idref="oc-3a"/>
      </symbol>
      <symbol id="sm-6d1">
         <name>__aeabi_memcpy8</name>
         <value>0x2000950d</value>
         <object_component_ref idref="oc-3a"/>
      </symbol>
      <symbol id="sm-6d2">
         <name>__aeabi_memcpy4</name>
         <value>0x2000950d</value>
         <object_component_ref idref="oc-3a"/>
      </symbol>
      <symbol id="sm-6e2">
         <name>memmove</name>
         <value>0x2000a295</value>
         <object_component_ref idref="oc-19b"/>
      </symbol>
      <symbol id="sm-6f1">
         <name>__aeabi_memset</name>
         <value>0x200098e7</value>
         <object_component_ref idref="oc-88"/>
      </symbol>
      <symbol id="sm-6f2">
         <name>memset</name>
         <value>0x200098ed</value>
         <object_component_ref idref="oc-88"/>
      </symbol>
      <symbol id="sm-6f3">
         <name>__aeabi_memset8</name>
         <value>0x200098e7</value>
         <object_component_ref idref="oc-88"/>
      </symbol>
      <symbol id="sm-6f4">
         <name>__aeabi_memset4</name>
         <value>0x200098e7</value>
         <object_component_ref idref="oc-88"/>
      </symbol>
      <symbol id="sm-6f5">
         <name>__aeabi_memclr8</name>
         <value>0x200098e5</value>
         <object_component_ref idref="oc-88"/>
      </symbol>
      <symbol id="sm-6f6">
         <name>__aeabi_memclr4</name>
         <value>0x200098e5</value>
         <object_component_ref idref="oc-88"/>
      </symbol>
      <symbol id="sm-6f7">
         <name>__aeabi_memclr</name>
         <value>0x200098e5</value>
         <object_component_ref idref="oc-88"/>
      </symbol>
      <symbol id="sm-705">
         <name>strlen</name>
         <value>0x2000a451</value>
         <object_component_ref idref="oc-195"/>
      </symbol>
      <symbol id="sm-734">
         <name>vsnprintf</name>
         <value>0x20009eb1</value>
         <object_component_ref idref="oc-183"/>
      </symbol>
      <symbol id="sm-899">
         <name>__TI_printfi</name>
         <value>0x20006ed9</value>
         <object_component_ref idref="oc-270"/>
      </symbol>
      <symbol id="sm-8bb">
         <name>__aeabi_cdcmpeq</name>
         <value>0x2000975d</value>
         <object_component_ref idref="oc-31a"/>
      </symbol>
      <symbol id="sm-8bc">
         <name>__aeabi_cdcmple</name>
         <value>0x2000975d</value>
         <object_component_ref idref="oc-31a"/>
      </symbol>
      <symbol id="sm-8bd">
         <name>__aeabi_cdrcmple</name>
         <value>0x200097e3</value>
         <object_component_ref idref="oc-390"/>
      </symbol>
      <symbol id="sm-8c7">
         <name>__aeabi_d2iz</name>
         <value>0x20009de5</value>
         <object_component_ref idref="oc-395"/>
      </symbol>
      <symbol id="sm-8db">
         <name>__aeabi_ddiv</name>
         <value>0x20008d61</value>
         <object_component_ref idref="oc-38b"/>
      </symbol>
      <symbol id="sm-8e6">
         <name>__aeabi_dmul</name>
         <value>0x200091dd</value>
         <object_component_ref idref="oc-386"/>
      </symbol>
      <symbol id="sm-8fd">
         <name>__aeabi_dsub</name>
         <value>0x200088f5</value>
         <object_component_ref idref="oc-3a5"/>
      </symbol>
      <symbol id="sm-8fe">
         <name>__aeabi_dadd</name>
         <value>0x200088ff</value>
         <object_component_ref idref="oc-3a5"/>
      </symbol>
      <symbol id="sm-914">
         <name>__aeabi_errno_addr</name>
         <value>0x2000a4b1</value>
         <object_component_ref idref="oc-343"/>
      </symbol>
      <symbol id="sm-915">
         <name>errno</name>
         <value>0x2001782c</value>
         <object_component_ref idref="oc-3e1"/>
      </symbol>
      <symbol id="sm-91f">
         <name>__aeabi_i2d</name>
         <value>0x2000a125</value>
         <object_component_ref idref="oc-3a0"/>
      </symbol>
      <symbol id="sm-935">
         <name>atoi</name>
         <value>0x20009d99</value>
         <object_component_ref idref="oc-30e"/>
      </symbol>
      <symbol id="sm-940">
         <name>_ctypes_</name>
         <value>0x2000a4c8</value>
         <object_component_ref idref="oc-37a"/>
      </symbol>
      <symbol id="sm-960">
         <name>frexpl</name>
         <value>0x20009b8d</value>
         <object_component_ref idref="oc-3c5"/>
      </symbol>
      <symbol id="sm-961">
         <name>frexp</name>
         <value>0x20009b8d</value>
         <object_component_ref idref="oc-3c5"/>
      </symbol>
      <symbol id="sm-97e">
         <name>scalbn</name>
         <value>0x200090cd</value>
         <object_component_ref idref="oc-3cb"/>
      </symbol>
      <symbol id="sm-97f">
         <name>scalbnl</name>
         <value>0x200090cd</value>
         <object_component_ref idref="oc-3cb"/>
      </symbol>
      <symbol id="sm-980">
         <name>ldexpl</name>
         <value>0x200090cd</value>
         <object_component_ref idref="oc-3cb"/>
      </symbol>
      <symbol id="sm-981">
         <name>ldexp</name>
         <value>0x200090cd</value>
         <object_component_ref idref="oc-3cb"/>
      </symbol>
      <symbol id="sm-98b">
         <name>copysign</name>
         <value>0x2000a43d</value>
         <object_component_ref idref="oc-410"/>
      </symbol>
      <symbol id="sm-98c">
         <name>copysignl</name>
         <value>0x2000a43d</value>
         <object_component_ref idref="oc-410"/>
      </symbol>
      <symbol id="sm-99b">
         <name>ltoa</name>
         <value>0x20009c9f</value>
         <object_component_ref idref="oc-39a"/>
      </symbol>
      <symbol id="sm-9ab">
         <name>memccpy</name>
         <value>0x2000a353</value>
         <object_component_ref idref="oc-337"/>
      </symbol>
      <symbol id="sm-9bb">
         <name>strchr</name>
         <value>0x2000a3ff</value>
         <object_component_ref idref="oc-3d1"/>
      </symbol>
      <symbol id="sm-9d4">
         <name>wcslen</name>
         <value>0x2000a477</value>
         <object_component_ref idref="oc-33d"/>
      </symbol>
      <symbol id="sm-9d5">
         <name>__TI_static_base__</name>
         <value>0x2000a790</value>
      </symbol>
      <symbol id="sm-9d8">
         <name>__mpu_init</name>
         <value>0x0</value>
      </symbol>
      <symbol id="sm-9d9">
         <name>_system_post_cinit</name>
         <value>0x0</value>
      </symbol>
   </symbol_table>
   <title>Link successful</title>
</link_info>
